GAS LISTING /tmp/cck7FrRR.s 			page 1


   1               	# 1 "usbdrv/usbdrvasm.S"
   1               	/* Name: usbdrvasm.S
   0               	
   0               	
   2               	 * Project: V-USB, virtual USB port for Atmel's(r) AVR(r) microcontrollers
   3               	 * Author: Christian Starkjohann
   4               	 * Creation Date: 2007-06-13
   5               	 * Tabsize: 4
   6               	 * Copyright: (c) 2007 by OBJECTIVE DEVELOPMENT Software GmbH
   7               	 * License: GNU GPL v2 (see License.txt), GNU GPL v3 or proprietary (CommercialLicense.txt)
   8               	 * Revision: $Id: usbdrvasm.S 761 2009-08-12 16:30:23Z cs $
   9               	 */
  10               	
  11               	/*
  12               	General Description:
  13               	This module is the assembler part of the USB driver. This file contains
  14               	general code (preprocessor acrobatics and CRC computation) and then includes
  15               	the file appropriate for the given clock rate.
  16               	*/
  17               	
  18               	#define __SFR_OFFSET 0      /* used by avr-libc's register definitions */
  19               	#include "usbportability.h"
   1               	/* Name: usbportability.h
   2               	 * Project: V-USB, virtual USB port for Atmel's(r) AVR(r) microcontrollers
   3               	 * Author: Christian Starkjohann
   4               	 * Creation Date: 2008-06-17
   5               	 * Tabsize: 4
   6               	 * Copyright: (c) 2008 by OBJECTIVE DEVELOPMENT Software GmbH
   7               	 * License: GNU GPL v2 (see License.txt), GNU GPL v3 or proprietary (CommercialLicense.txt)
   8               	 * This Revision: $Id: usbportability.h 740 2009-04-13 18:23:31Z cs $
   9               	 */
  10               	
  11               	/*
  12               	General Description:
  13               	This header is intended to contain all (or at least most of) the compiler
  14               	and library dependent stuff. The C code is written for avr-gcc and avr-libc.
  15               	The API of other development environments is converted to gcc's and avr-libc's
  16               	API by means of defines.
  17               	
  18               	This header also contains all system includes since they depend on the
  19               	development environment.
  20               	
  21               	Thanks to Oleg Semyonov for his help with the IAR tools port!
  22               	*/
  23               	
  24               	#ifndef __usbportability_h_INCLUDED__
  25               	#define __usbportability_h_INCLUDED__
  26               	
  27               	/* We check explicitly for IAR and CodeVision. Default is avr-gcc/avr-libc. */
  28               	
  29               	/* ------------------------------------------------------------------------- */
  30               	#if defined __IAR_SYSTEMS_ICC__ || defined __IAR_SYSTEMS_ASM__  /* check for IAR */
  31               	/* ------------------------------------------------------------------------- */
  32               	
  33               	#ifndef ENABLE_BIT_DEFINITIONS
  34               	#   define ENABLE_BIT_DEFINITIONS	1   /* Enable bit definitions */
  35               	#endif
GAS LISTING /tmp/cck7FrRR.s 			page 2


  36               	
  37               	/* Include IAR headers */
  38               	#include <ioavr.h>
  39               	#ifndef __IAR_SYSTEMS_ASM__
  40               	#   include <inavr.h>
  41               	#endif
  42               	
  43               	#define __attribute__(arg)  /* not supported on IAR */
  44               	
  45               	#ifdef __IAR_SYSTEMS_ASM__
  46               	#   define __ASSEMBLER__    /* IAR does not define standard macro for asm */
  47               	#endif
  48               	
  49               	#ifdef __HAS_ELPM__
  50               	#   define PROGMEM __farflash
  51               	#else
  52               	#   define PROGMEM __flash
  53               	#endif
  54               	
  55               	#define USB_READ_FLASH(addr)    (*(PROGMEM char *)(addr))
  56               	
  57               	/* The following definitions are not needed by the driver, but may be of some
  58               	 * help if you port a gcc based project to IAR.
  59               	 */
  60               	#define cli()       __disable_interrupt()
  61               	#define sei()       __enable_interrupt()
  62               	#define wdt_reset() __watchdog_reset()
  63               	#define _BV(x)      (1 << (x))
  64               	
  65               	/* assembler compatibility macros */
  66               	#define nop2    rjmp    $+2 /* jump to next instruction */
  67               	#define XL      r26
  68               	#define XH      r27
  69               	#define YL      r28
  70               	#define YH      r29
  71               	#define ZL      r30
  72               	#define ZH      r31
  73               	#define lo8(x)  LOW(x)
  74               	#define hi8(x)  (((x)>>8) & 0xff)   /* not HIGH to allow XLINK to make a proper range check */
  75               	
  76               	/* Depending on the device you use, you may get problems with the way usbdrv.h
  77               	 * handles the differences between devices. Since IAR does not use #defines
  78               	 * for MCU registers, we can't check for the existence of a particular
  79               	 * register with an #ifdef. If the autodetection mechanism fails, include
  80               	 * definitions for the required USB_INTR_* macros in your usbconfig.h. See
  81               	 * usbconfig-prototype.h and usbdrv.h for details.
  82               	 */
  83               	
  84               	/* ------------------------------------------------------------------------- */
  85               	#elif __CODEVISIONAVR__ /* check for CodeVision AVR */
  86               	/* ------------------------------------------------------------------------- */
  87               	/* This port is not working (yet) */
  88               	
  89               	/* #define F_CPU   _MCU_CLOCK_FREQUENCY_    seems to be defined automatically */
  90               	
  91               	#include <io.h>
  92               	#include <delay.h>
GAS LISTING /tmp/cck7FrRR.s 			page 3


  93               	
  94               	#define __attribute__(arg)  /* not supported on IAR */
  95               	
  96               	#define PROGMEM                 __flash
  97               	#define USB_READ_FLASH(addr)    (*(PROGMEM char *)(addr))
  98               	
  99               	#ifndef __ASSEMBLER__
 100               	static inline void  cli(void)
 101               	{
 102               	    #asm("cli");
 103               	}
 104               	static inline void  sei(void)
 105               	{
 106               	    #asm("sei");
 107               	}
 108               	#endif
 109               	#define _delay_ms(t)    delay_ms(t)
 110               	#define _BV(x)          (1 << (x))
 111               	#define USB_CFG_USE_SWITCH_STATEMENT 1  /* macro for if() cascase fails for unknown reason */
 112               	
 113               	#define macro   .macro
 114               	#define endm    .endmacro
 115               	#define nop2    rjmp    .+0 /* jump to next instruction */
 116               	
 117               	/* ------------------------------------------------------------------------- */
 118               	#else   /* default development environment is avr-gcc/avr-libc */
 119               	/* ------------------------------------------------------------------------- */
 120               	
 121               	#include <avr/io.h>
   1               	/* Copyright (c) 2002,2003,2005,2006,2007 Marek Michalkiewicz, Joerg Wunsch
   2               	   Copyright (c) 2007 Eric B. Weddington
   3               	   All rights reserved.
   4               	
   5               	   Redistribution and use in source and binary forms, with or without
   6               	   modification, are permitted provided that the following conditions are met:
   7               	
   8               	   * Redistributions of source code must retain the above copyright
   9               	     notice, this list of conditions and the following disclaimer.
  10               	
  11               	   * Redistributions in binary form must reproduce the above copyright
  12               	     notice, this list of conditions and the following disclaimer in
  13               	     the documentation and/or other materials provided with the
  14               	     distribution.
  15               	
  16               	   * Neither the name of the copyright holders nor the names of
  17               	     contributors may be used to endorse or promote products derived
  18               	     from this software without specific prior written permission.
  19               	
  20               	  THIS SOFTWARE IS PROVIDED BY THE COPYRIGHT HOLDERS AND CONTRIBUTORS "AS IS"
  21               	  AND ANY EXPRESS OR IMPLIED WARRANTIES, INCLUDING, BUT NOT LIMITED TO, THE
  22               	  IMPLIED WARRANTIES OF MERCHANTABILITY AND FITNESS FOR A PARTICULAR PURPOSE
  23               	  ARE DISCLAIMED. IN NO EVENT SHALL THE COPYRIGHT OWNER OR CONTRIBUTORS BE
  24               	  LIABLE FOR ANY DIRECT, INDIRECT, INCIDENTAL, SPECIAL, EXEMPLARY, OR
  25               	  CONSEQUENTIAL DAMAGES (INCLUDING, BUT NOT LIMITED TO, PROCUREMENT OF
  26               	  SUBSTITUTE GOODS OR SERVICES; LOSS OF USE, DATA, OR PROFITS; OR BUSINESS
  27               	  INTERRUPTION) HOWEVER CAUSED AND ON ANY THEORY OF LIABILITY, WHETHER IN
  28               	  CONTRACT, STRICT LIABILITY, OR TORT (INCLUDING NEGLIGENCE OR OTHERWISE)
GAS LISTING /tmp/cck7FrRR.s 			page 4


  29               	  ARISING IN ANY WAY OUT OF THE USE OF THIS SOFTWARE, EVEN IF ADVISED OF THE
  30               	  POSSIBILITY OF SUCH DAMAGE. */
  31               	
  32               	/* $Id: io.h,v 1.52.2.23 2009/04/25 21:01:29 arcanum Exp $ */
  33               	
  34               	/** \file */
  35               	/** \defgroup avr_io <avr/io.h>: AVR device-specific IO definitions
  36               	    \code #include <avr/io.h> \endcode
  37               	
  38               	    This header file includes the apropriate IO definitions for the
  39               	    device that has been specified by the <tt>-mmcu=</tt> compiler
  40               	    command-line switch.  This is done by diverting to the appropriate
  41               	    file <tt>&lt;avr/io</tt><em>XXXX</em><tt>.h&gt;</tt> which should
  42               	    never be included directly.  Some register names common to all
  43               	    AVR devices are defined directly within <tt>&lt;avr/common.h&gt;</tt>,
  44               	    which is included in <tt>&lt;avr/io.h&gt;</tt>,
  45               	    but most of the details come from the respective include file.
  46               	
  47               	    Note that this file always includes the following files:
  48               	    \code 
  49               	    #include <avr/sfr_defs.h>
  50               	    #include <avr/portpins.h>
  51               	    #include <avr/common.h>
  52               	    #include <avr/version.h>
  53               	    \endcode
  54               	    See \ref avr_sfr for more details about that header file.
  55               	
  56               	    Included are definitions of the IO register set and their
  57               	    respective bit values as specified in the Atmel documentation.
  58               	    Note that inconsistencies in naming conventions,
  59               	    so even identical functions sometimes get different names on
  60               	    different devices.
  61               	
  62               	    Also included are the specific names useable for interrupt
  63               	    function definitions as documented
  64               	    \ref avr_signames "here".
  65               	
  66               	    Finally, the following macros are defined:
  67               	
  68               	    - \b RAMEND
  69               	    <br>
  70               	    The last on-chip RAM address.
  71               	    <br>
  72               	    - \b XRAMEND
  73               	    <br>
  74               	    The last possible RAM location that is addressable. This is equal to 
  75               	    RAMEND for devices that do not allow for external RAM. For devices 
  76               	    that allow external RAM, this will be larger than RAMEND.
  77               	    <br>
  78               	    - \b E2END
  79               	    <br>
  80               	    The last EEPROM address.
  81               	    <br>
  82               	    - \b FLASHEND
  83               	    <br>
  84               	    The last byte address in the Flash program space.
  85               	    <br>
GAS LISTING /tmp/cck7FrRR.s 			page 5


  86               	    - \b SPM_PAGESIZE
  87               	    <br>
  88               	    For devices with bootloader support, the flash pagesize
  89               	    (in bytes) to be used for the \c SPM instruction. 
  90               	    - \b E2PAGESIZE
  91               	    <br>
  92               	    The size of the EEPROM page.
  93               	    
  94               	*/
  95               	
  96               	#ifndef _AVR_IO_H_
  97               	#define _AVR_IO_H_
  98               	
  99               	#include <avr/sfr_defs.h>
   1               	/* Copyright (c) 2002, Marek Michalkiewicz <marekm@amelek.gda.pl>
 100               	
 101               	#if defined (__AVR_AT94K__)
 102               	#  include <avr/ioat94k.h>
 103               	#elif defined (__AVR_AT43USB320__)
 104               	#  include <avr/io43u32x.h>
 105               	#elif defined (__AVR_AT43USB355__)
 106               	#  include <avr/io43u35x.h>
 107               	#elif defined (__AVR_AT76C711__)
 108               	#  include <avr/io76c711.h>
 109               	#elif defined (__AVR_AT86RF401__)
 110               	#  include <avr/io86r401.h>
 111               	#elif defined (__AVR_AT90PWM1__)
 112               	#  include <avr/io90pwm1.h>
 113               	#elif defined (__AVR_AT90PWM2__)
 114               	#  include <avr/io90pwmx.h>
 115               	#elif defined (__AVR_AT90PWM2B__)
 116               	#  include <avr/io90pwm2b.h>
 117               	#elif defined (__AVR_AT90PWM3__)
 118               	#  include <avr/io90pwmx.h>
 119               	#elif defined (__AVR_AT90PWM3B__)
 120               	#  include <avr/io90pwm3b.h>
 121               	#elif defined (__AVR_AT90PWM216__)
 122               	#  include <avr/io90pwm216.h>
 123               	#elif defined (__AVR_AT90PWM316__)
 124               	#  include <avr/io90pwm316.h>
 125               	#elif defined (__AVR_AT90PWM81__)
 126               	#  include <avr/io90pwm81.h>
 127               	#elif defined (__AVR_ATmega16M1__)
 128               	#  include <avr/iom16m1.h>
 129               	#elif defined (__AVR_ATmega16U4__)
 130               	#  include <avr/iom16u4.h>
 131               	#elif defined (__AVR_ATmega32C1__)
 132               	#  include <avr/iom32c1.h>
 133               	#elif defined (__AVR_ATmega32M1__)
 134               	#  include <avr/iom32m1.h>
 135               	#elif defined (__AVR_ATmega32U4__)
 136               	#  include <avr/iom32u4.h>
 137               	#elif defined (__AVR_ATmega32U6__)
 138               	#  include <avr/iom32u6.h>
 139               	#elif defined (__AVR_ATmega64C1__)
 140               	#  include <avr/iom64c1.h>
 141               	#elif defined (__AVR_ATmega64M1__)
GAS LISTING /tmp/cck7FrRR.s 			page 6


 142               	#  include <avr/iom64m1.h>
 143               	#elif defined (__AVR_ATmega128__)
 144               	#  include <avr/iom128.h>
 145               	#elif defined (__AVR_ATmega1280__)
 146               	#  include <avr/iom1280.h>
 147               	#elif defined (__AVR_ATmega1281__)
 148               	#  include <avr/iom1281.h>
 149               	#elif defined (__AVR_ATmega1284P__)
 150               	#  include <avr/iom1284p.h>
 151               	#elif defined (__AVR_ATmega128RFA1__)
 152               	#  include <avr/iom128rfa1.h>
 153               	#elif defined (__AVR_ATmega2560__)
 154               	#  include <avr/iom2560.h>
 155               	#elif defined (__AVR_ATmega2561__)
 156               	#  include <avr/iom2561.h>
 157               	#elif defined (__AVR_AT90CAN32__)
 158               	#  include <avr/iocan32.h>
 159               	#elif defined (__AVR_AT90CAN64__)
 160               	#  include <avr/iocan64.h>
 161               	#elif defined (__AVR_AT90CAN128__)
 162               	#  include <avr/iocan128.h>
 163               	#elif defined (__AVR_AT90USB82__)
 164               	#  include <avr/iousb82.h>
 165               	#elif defined (__AVR_AT90USB162__)
 166               	#  include <avr/iousb162.h>
 167               	#elif defined (__AVR_AT90USB646__)
 168               	#  include <avr/iousb646.h>
 169               	#elif defined (__AVR_AT90USB647__)
 170               	#  include <avr/iousb647.h>
 171               	#elif defined (__AVR_AT90USB1286__)
 172               	#  include <avr/iousb1286.h>
 173               	#elif defined (__AVR_AT90USB1287__)
 174               	#  include <avr/iousb1287.h>
 175               	#elif defined (__AVR_ATmega64__)
 176               	#  include <avr/iom64.h>
 177               	#elif defined (__AVR_ATmega640__)
 178               	#  include <avr/iom640.h>
 179               	#elif defined (__AVR_ATmega644__)
 180               	#  include <avr/iom644.h>
 181               	#elif defined (__AVR_ATmega644P__)
 182               	#  include <avr/iom644p.h>
 183               	#elif defined (__AVR_ATmega645__)
 184               	#  include <avr/iom645.h>
 185               	#elif defined (__AVR_ATmega6450__)
 186               	#  include <avr/iom6450.h>
 187               	#elif defined (__AVR_ATmega649__)
 188               	#  include <avr/iom649.h>
 189               	#elif defined (__AVR_ATmega6490__)
 190               	#  include <avr/iom6490.h>
 191               	#elif defined (__AVR_ATmega103__)
 192               	#  include <avr/iom103.h>
 193               	#elif defined (__AVR_ATmega32__)
 194               	#  include <avr/iom32.h>
 195               	#elif defined (__AVR_ATmega323__)
 196               	#  include <avr/iom323.h>
 197               	#elif defined (__AVR_ATmega324P__)
 198               	#  include <avr/iom324.h>
GAS LISTING /tmp/cck7FrRR.s 			page 7


 199               	#elif defined (__AVR_ATmega325__)
 200               	#  include <avr/iom325.h>
 201               	#elif defined (__AVR_ATmega325P__)
 202               	#  include <avr/iom325.h>
 203               	#elif defined (__AVR_ATmega3250__)
 204               	#  include <avr/iom3250.h>
 205               	#elif defined (__AVR_ATmega3250P__)
 206               	#  include <avr/iom3250.h>
 207               	#elif defined (__AVR_ATmega328P__)
 208               	#  include <avr/iom328p.h>
 209               	#elif defined (__AVR_ATmega329__)
 210               	#  include <avr/iom329.h>
 211               	#elif defined (__AVR_ATmega329P__)
 212               	#  include <avr/iom329.h>
 213               	#elif defined (__AVR_ATmega3290__)
 214               	#  include <avr/iom3290.h>
 215               	#elif defined (__AVR_ATmega3290P__)
 216               	#  include <avr/iom3290.h>
 217               	#elif defined (__AVR_ATmega32HVB__)
 218               	#  include <avr/iom32hvb.h>
 219               	#elif defined (__AVR_ATmega406__)
 220               	#  include <avr/iom406.h>
 221               	#elif defined (__AVR_ATmega16__)
 222               	#  include <avr/iom16.h>
 223               	#elif defined (__AVR_ATmega161__)
 224               	#  include <avr/iom161.h>
 225               	#elif defined (__AVR_ATmega162__)
 226               	#  include <avr/iom162.h>
 227               	#elif defined (__AVR_ATmega163__)
 228               	#  include <avr/iom163.h>
 229               	#elif defined (__AVR_ATmega164P__)
 230               	#  include <avr/iom164.h>
 231               	#elif defined (__AVR_ATmega165__)
 232               	#  include <avr/iom165.h>
 233               	#elif defined (__AVR_ATmega165P__)
 234               	#  include <avr/iom165p.h>
 235               	#elif defined (__AVR_ATmega168__)
 236               	#  include <avr/iom168.h>
 237               	#elif defined (__AVR_ATmega168P__)
 238               	#  include <avr/iom168p.h>
 239               	#elif defined (__AVR_ATmega169__)
 240               	#  include <avr/iom169.h>
 241               	#elif defined (__AVR_ATmega169P__)
 242               	#  include <avr/iom169p.h>
 243               	#elif defined (__AVR_ATmega8HVA__)
 244               	#  include <avr/iom8hva.h>
 245               	#elif defined (__AVR_ATmega16HVA__)
 246               	#  include <avr/iom16hva.h>
 247               	#elif defined (__AVR_ATmega8__)
 248               	#  include <avr/iom8.h>
 249               	#elif defined (__AVR_ATmega48__)
 250               	#  include <avr/iom48.h>
 251               	#elif defined (__AVR_ATmega48P__)
 252               	#  include <avr/iom48p.h>
 253               	#elif defined (__AVR_ATmega88__)
 254               	#  include <avr/iom88.h>
 255               	#elif defined (__AVR_ATmega88P__)
GAS LISTING /tmp/cck7FrRR.s 			page 8


 256               	#  include <avr/iom88p.h>
 257               	#elif defined (__AVR_ATmega8515__)
 258               	#  include <avr/iom8515.h>
 259               	#elif defined (__AVR_ATmega8535__)
 260               	#  include <avr/iom8535.h>
 261               	#elif defined (__AVR_AT90S8535__)
 262               	#  include <avr/io8535.h>
 263               	#elif defined (__AVR_AT90C8534__)
 264               	#  include <avr/io8534.h>
 265               	#elif defined (__AVR_AT90S8515__)
 266               	#  include <avr/io8515.h>
 267               	#elif defined (__AVR_AT90S4434__)
 268               	#  include <avr/io4434.h>
 269               	#elif defined (__AVR_AT90S4433__)
 270               	#  include <avr/io4433.h>
 271               	#elif defined (__AVR_AT90S4414__)
 272               	#  include <avr/io4414.h>
 273               	#elif defined (__AVR_ATtiny22__)
 274               	#  include <avr/iotn22.h>
 275               	#elif defined (__AVR_ATtiny26__)
 276               	#  include <avr/iotn26.h>
 277               	#elif defined (__AVR_AT90S2343__)
 278               	#  include <avr/io2343.h>
 279               	#elif defined (__AVR_AT90S2333__)
 280               	#  include <avr/io2333.h>
 281               	#elif defined (__AVR_AT90S2323__)
 282               	#  include <avr/io2323.h>
 283               	#elif defined (__AVR_AT90S2313__)
 284               	#  include <avr/io2313.h>
 285               	#elif defined (__AVR_ATtiny2313__)
 286               	#  include <avr/iotn2313.h>
 287               	#elif defined (__AVR_ATtiny13__)
 288               	#  include <avr/iotn13.h>
 289               	#elif defined (__AVR_ATtiny13A__)
 290               	#  include <avr/iotn13a.h>
 291               	#elif defined (__AVR_ATtiny25__)
 292               	#  include <avr/iotn25.h>
 293               	#elif defined (__AVR_ATtiny45__)
 294               	#  include <avr/iotn45.h>
   1               	/* Copyright (c) 2005, Joerg Wunsch
   2               	   All rights reserved.
   3               	
   4               	   Redistribution and use in source and binary forms, with or without
   5               	   modification, are permitted provided that the following conditions are met:
   6               	
   7               	   * Redistributions of source code must retain the above copyright
   8               	     notice, this list of conditions and the following disclaimer.
   9               	
  10               	   * Redistributions in binary form must reproduce the above copyright
  11               	     notice, this list of conditions and the following disclaimer in
  12               	     the documentation and/or other materials provided with the
  13               	     distribution.
  14               	
  15               	   * Neither the name of the copyright holders nor the names of
  16               	     contributors may be used to endorse or promote products derived
  17               	     from this software without specific prior written permission.
  18               	
GAS LISTING /tmp/cck7FrRR.s 			page 9


  19               	  THIS SOFTWARE IS PROVIDED BY THE COPYRIGHT HOLDERS AND CONTRIBUTORS "AS IS"
  20               	  AND ANY EXPRESS OR IMPLIED WARRANTIES, INCLUDING, BUT NOT LIMITED TO, THE
  21               	  IMPLIED WARRANTIES OF MERCHANTABILITY AND FITNESS FOR A PARTICULAR PURPOSE
  22               	  ARE DISCLAIMED. IN NO EVENT SHALL THE COPYRIGHT OWNER OR CONTRIBUTORS BE
  23               	  LIABLE FOR ANY DIRECT, INDIRECT, INCIDENTAL, SPECIAL, EXEMPLARY, OR
  24               	  CONSEQUENTIAL DAMAGES (INCLUDING, BUT NOT LIMITED TO, PROCUREMENT OF
  25               	  SUBSTITUTE GOODS OR SERVICES; LOSS OF USE, DATA, OR PROFITS; OR BUSINESS
  26               	  INTERRUPTION) HOWEVER CAUSED AND ON ANY THEORY OF LIABILITY, WHETHER IN
  27               	  CONTRACT, STRICT LIABILITY, OR TORT (INCLUDING NEGLIGENCE OR OTHERWISE)
  28               	  ARISING IN ANY WAY OUT OF THE USE OF THIS SOFTWARE, EVEN IF ADVISED OF THE
  29               	  POSSIBILITY OF SUCH DAMAGE. */
  30               	
  31               	/* $Id: iotn45.h,v 1.3.2.6 2009/02/11 18:05:33 arcanum Exp $ */
  32               	
  33               	/* avr/iotn45.h - definitions for ATtiny45 */
  34               	
  35               	#ifndef _AVR_IOTN45_H_
  36               	#define _AVR_IOTN45_H_ 1
  37               	
  38               	#include <avr/iotnx5.h>
   1               	/* Copyright (c) 2005, 2007, 2009 Anatoly Sokolov
  39               	
 295               	#elif defined (__AVR_ATtiny85__)
 296               	#  include <avr/iotn85.h>
 297               	#elif defined (__AVR_ATtiny24__)
 298               	#  include <avr/iotn24.h>
 299               	#elif defined (__AVR_ATtiny44__)
 300               	#  include <avr/iotn44.h>
 301               	#elif defined (__AVR_ATtiny84__)
 302               	#  include <avr/iotn84.h>
 303               	#elif defined (__AVR_ATtiny261__)
 304               	#  include <avr/iotn261.h>
 305               	#elif defined (__AVR_ATtiny461__)
 306               	#  include <avr/iotn461.h>
 307               	#elif defined (__AVR_ATtiny861__)
 308               	#  include <avr/iotn861.h>
 309               	#elif defined (__AVR_ATtiny43U__)
 310               	#  include <avr/iotn43u.h>
 311               	#elif defined (__AVR_ATtiny48__)
 312               	#  include <avr/iotn48.h>
 313               	#elif defined (__AVR_ATtiny88__)
 314               	#  include <avr/iotn88.h>
 315               	#elif defined (__AVR_ATtiny87__)
 316               	#  include <avr/iotn87.h>
 317               	#elif defined (__AVR_ATtiny167__)
 318               	#  include <avr/iotn167.h>
 319               	#elif defined (__AVR_AT90SCR100__)
 320               	#  include <avr/io90scr100.h>
 321               	#elif defined (__AVR_ATxmega16A4__)
 322               	#  include <avr/iox16a4.h>
 323               	#elif defined (__AVR_ATxmega16D4__)
 324               	#  include <avr/iox16d4.h>
 325               	#elif defined (__AVR_ATxmega32A4__)
 326               	#  include <avr/iox32a4.h>
 327               	#elif defined (__AVR_ATxmega32D4__)
 328               	#  include <avr/iox32d4.h>
 329               	#elif defined (__AVR_ATxmega64A1__)
GAS LISTING /tmp/cck7FrRR.s 			page 10


 330               	#  include <avr/iox64a1.h>
 331               	#elif defined (__AVR_ATxmega64A3__)
 332               	#  include <avr/iox64a3.h>
 333               	#elif defined (__AVR_ATxmega64D3__)
 334               	#  include <avr/iox64d3.h>
 335               	#elif defined (__AVR_ATxmega128A1__)
 336               	#  include <avr/iox128a1.h>
 337               	#elif defined (__AVR_ATxmega128A3__)
 338               	#  include <avr/iox128a3.h>
 339               	#elif defined (__AVR_ATxmega128D3__)
 340               	#  include <avr/iox128d3.h>
 341               	#elif defined (__AVR_ATxmega192A3__)
 342               	#  include <avr/iox192a3.h>
 343               	#elif defined (__AVR_ATxmega256A3__)
 344               	#  include <avr/iox256a3.h>
 345               	#elif defined (__AVR_ATxmega256A3B__)
 346               	#  include <avr/iox256a3b.h>
 347               	#elif defined (__AVR_ATxmega256D3__)
 348               	#  include <avr/iox256d3.h>
 349               	#elif defined (__AVR_ATA6289__)
 350               	#  include <avr/ioa6289.h>
 351               	/* avr1: the following only supported for assembler programs */
 352               	#elif defined (__AVR_ATtiny28__)
 353               	#  include <avr/iotn28.h>
 354               	#elif defined (__AVR_AT90S1200__)
 355               	#  include <avr/io1200.h>
 356               	#elif defined (__AVR_ATtiny15__)
 357               	#  include <avr/iotn15.h>
 358               	#elif defined (__AVR_ATtiny12__)
 359               	#  include <avr/iotn12.h>
 360               	#elif defined (__AVR_ATtiny11__)
 361               	#  include <avr/iotn11.h>
 362               	#else
 363               	#  if !defined(__COMPILING_AVR_LIBC__)
 364               	#    warning "device type not defined"
 365               	#  endif
 366               	#endif
 367               	
 368               	#include <avr/portpins.h>
   1               	/* Copyright (c) 2003  Theodore A. Roth
 369               	
 370               	#include <avr/common.h>
   1               	/* Copyright (c) 2007 Eric B. Weddington
 371               	
 372               	#include <avr/version.h>
   1               	/* Copyright (c) 2005, Joerg Wunsch                               -*- c -*-
 373               	
 374               	/* Include fuse.h after individual IO header files. */
 375               	#include <avr/fuse.h>
   1               	/* Copyright (c) 2007, Atmel Corporation
 376               	
 377               	/* Include lock.h after individual IO header files. */
 378               	#include <avr/lock.h>
   1               	/* Copyright (c) 2007, Atmel Corporation
 379               	
 122               	#ifdef __ASSEMBLER__
  20               	#include "usbdrv.h"         /* for common defs */
GAS LISTING /tmp/cck7FrRR.s 			page 11


   1               	/* Name: usbdrv.h
   2               	 * Project: V-USB, virtual USB port for Atmel's(r) AVR(r) microcontrollers
   3               	 * Author: Christian Starkjohann
   4               	 * Creation Date: 2004-12-29
   5               	 * Tabsize: 4
   6               	 * Copyright: (c) 2005 by OBJECTIVE DEVELOPMENT Software GmbH
   7               	 * License: GNU GPL v2 (see License.txt), GNU GPL v3 or proprietary (CommercialLicense.txt)
   8               	 * This Revision: $Id: usbdrv.h 769 2009-08-22 11:49:05Z cs $
   9               	 */
  10               	
  11               	#ifndef __usbdrv_h_included__
  12               	#define __usbdrv_h_included__
  13               	#include "usbconfig.h"
   1               	/* Name: usbconfig.h
  14               	#include "usbportability.h"
  21               	
  22               	/* register names */
  23               	#define x1      r16
  24               	#define x2      r17
  25               	#define shift   r18
  26               	#define cnt     r19
  27               	#define x3      r20
  28               	#define x4      r21
  29               	#define x5		r22
  30               	#define bitcnt  x5
  31               	#define phase   x4
  32               	#define leap    x4
  33               	
  34               	/* Some assembler dependent definitions and declarations: */
  35               	
  36               	#ifdef __IAR_SYSTEMS_ASM__
  37               	    extern  usbRxBuf, usbDeviceAddr, usbNewDeviceAddr, usbInputBufOffset
  38               	    extern  usbCurrentTok, usbRxLen, usbRxToken, usbTxLen
  39               	    extern  usbTxBuf, usbTxStatus1, usbTxStatus3
  40               	#   if USB_COUNT_SOF
  41               	        extern usbSofCount
  42               	#   endif
  43               	    public  usbCrc16
  44               	    public  usbCrc16Append
  45               	
  46               	    COMMON  INTVEC
  47               	#   ifndef USB_INTR_VECTOR
  48               	        ORG     INT0_vect
  49               	#   else /* USB_INTR_VECTOR */
  50               	        ORG     USB_INTR_VECTOR
  51               	#       undef   USB_INTR_VECTOR
  52               	#   endif /* USB_INTR_VECTOR */
  53               	#   define  USB_INTR_VECTOR usbInterruptHandler
  54               	    rjmp    USB_INTR_VECTOR
  55               	    RSEG    CODE
  56               	
  57               	#else /* __IAR_SYSTEMS_ASM__ */
  58               	
  59               	#   ifndef USB_INTR_VECTOR /* default to hardware interrupt INT0 */
  60               	#       define USB_INTR_VECTOR  SIG_INTERRUPT0
  61               	#   endif
  62               	    .text
GAS LISTING /tmp/cck7FrRR.s 			page 12


  63               	    .global USB_INTR_VECTOR
  64               	    .type   USB_INTR_VECTOR, @function
  65               	    .global usbCrc16
  66               	    .global usbCrc16Append
  67               	#endif /* __IAR_SYSTEMS_ASM__ */
  68               	
  69               	
  70               	#if USB_INTR_PENDING < 0x40 /* This is an I/O address, use in and out */
  71               	#   define  USB_LOAD_PENDING(reg)   in reg, USB_INTR_PENDING
  72               	#   define  USB_STORE_PENDING(reg)  out USB_INTR_PENDING, reg
  73               	#else   /* It's a memory address, use lds and sts */
  74               	#   define  USB_LOAD_PENDING(reg)   lds reg, USB_INTR_PENDING
  75               	#   define  USB_STORE_PENDING(reg)  sts USB_INTR_PENDING, reg
  76               	#endif
  77               	
  78               	#define usbTxLen1   usbTxStatus1
  79               	#define usbTxBuf1   (usbTxStatus1 + 1)
  80               	#define usbTxLen3   usbTxStatus3
  81               	#define usbTxBuf3   (usbTxStatus3 + 1)
  82               	
  83               	
  84               	;----------------------------------------------------------------------------
  85               	; Utility functions
  86               	;----------------------------------------------------------------------------
  87               	
  88               	#ifdef __IAR_SYSTEMS_ASM__
  89               	/* Register assignments for usbCrc16 on IAR cc */
  90               	/* Calling conventions on IAR:
  91               	 * First parameter passed in r16/r17, second in r18/r19 and so on.
  92               	 * Callee must preserve r4-r15, r24-r29 (r28/r29 is frame pointer)
  93               	 * Result is passed in r16/r17
  94               	 * In case of the "tiny" memory model, pointers are only 8 bit with no
  95               	 * padding. We therefore pass argument 1 as "16 bit unsigned".
  96               	 */
  97               	RTMODEL "__rt_version", "3"
  98               	/* The line above will generate an error if cc calling conventions change.
  99               	 * The value "3" above is valid for IAR 4.10B/W32
 100               	 */
 101               	#   define argLen   r18 /* argument 2 */
 102               	#   define argPtrL  r16 /* argument 1 */
 103               	#   define argPtrH  r17 /* argument 1 */
 104               	
 105               	#   define resCrcL  r16 /* result */
 106               	#   define resCrcH  r17 /* result */
 107               	
 108               	#   define ptrL     ZL
 109               	#   define ptrH     ZH
 110               	#   define ptr      Z
 111               	#   define byte     r22
 112               	#   define bitCnt   r19
 113               	#   define polyL    r20
 114               	#   define polyH    r21
 115               	#   define scratch  r23
 116               	
 117               	#else  /* __IAR_SYSTEMS_ASM__ */ 
 118               	/* Register assignments for usbCrc16 on gcc */
 119               	/* Calling conventions on gcc:
GAS LISTING /tmp/cck7FrRR.s 			page 13


 120               	 * First parameter passed in r24/r25, second in r22/23 and so on.
 121               	 * Callee must preserve r1-r17, r28/r29
 122               	 * Result is passed in r24/r25
 123               	 */
 124               	#   define argLen   r22 /* argument 2 */
 125               	#   define argPtrL  r24 /* argument 1 */
 126               	#   define argPtrH  r25 /* argument 1 */
 127               	
 128               	#   define resCrcL  r24 /* result */
 129               	#   define resCrcH  r25 /* result */
 130               	
 131               	#   define ptrL     XL
 132               	#   define ptrH     XH
 133               	#   define ptr      x
 134               	#   define byte     r18
 135               	#   define bitCnt   r19
 136               	#   define polyL    r20
 137               	#   define polyH    r21
 138               	#   define scratch  r23
 139               	
 140               	#endif
 141               	
 142               	#if USB_USE_FAST_CRC
 143               	
 144               	; This implementation is faster, but has bigger code size
 145               	; Thanks to Slawomir Fras (BoskiDialer) for this code!
 146               	; It implements the following C pseudo-code:
 147               	; unsigned table(unsigned char x)
 148               	; {
 149               	; unsigned    value;
 150               	; 
 151               	;     value = (unsigned)x << 6;
 152               	;     value ^= (unsigned)x << 7;
 153               	;     if(parity(x))
 154               	;         value ^= 0xc001;
 155               	;     return value;
 156               	; }
 157               	; unsigned usbCrc16(unsigned char *argPtr, unsigned char argLen)
 158               	; {
 159               	; unsigned crc = 0xffff;
 160               	; 
 161               	;     while(argLen--)
 162               	;         crc = table(lo8(crc) ^ *argPtr++) ^ hi8(crc);
 163               	;     return ~crc;
 164               	; }
 165               	
 166               	; extern unsigned usbCrc16(unsigned char *argPtr, unsigned char argLen);
 167               	;   argPtr  r24+25 / r16+r17
 168               	;   argLen  r22 / r18
 169               	; temp variables:
 170               	;   byte    r18 / r22
 171               	;   scratch r23
 172               	;   resCrc  r24+r25 / r16+r17
 173               	;   ptr     X / Z
 174               	usbCrc16:
 175               	    mov     ptrL, argPtrL
 176               	    mov     ptrH, argPtrH
GAS LISTING /tmp/cck7FrRR.s 			page 14


 177               	    ldi     resCrcL, 0xFF
 178               	    ldi     resCrcH, 0xFF
 179               	    rjmp    usbCrc16LoopTest
 180               	usbCrc16ByteLoop:
 181               	    ld      byte, ptr+
 182               	    eor     resCrcL, byte   ; resCrcL is now 'x' in table()
 183               	    mov     byte, resCrcL   ; compute parity of 'x'
 184               	    swap    byte
 185               	    eor     byte, resCrcL
 186               	    mov     scratch, byte
 187               	    lsr     byte
 188               	    lsr     byte
 189               	    eor     byte, scratch
 190               	    inc     byte
 191               	    lsr     byte
 192               	    andi    byte, 1         ; byte is now parity(x)
 193               	    mov     scratch, resCrcL
 194               	    mov     resCrcL, resCrcH
 195               	    eor     resCrcL, byte   ; low byte of if(parity(x)) value ^= 0xc001;
 196               	    neg     byte
 197               	    andi    byte, 0xc0
 198               	    mov     resCrcH, byte   ; high byte of if(parity(x)) value ^= 0xc001;
 199               	    clr     byte
 200               	    lsr     scratch
 201               	    ror     byte
 202               	    eor     resCrcH, scratch
 203               	    eor     resCrcL, byte
 204               	    lsr     scratch
 205               	    ror     byte
 206               	    eor     resCrcH, scratch
 207               	    eor     resCrcL, byte
 208               	usbCrc16LoopTest:
 209               	    subi    argLen, 1
 210               	    brsh    usbCrc16ByteLoop
 211               	    com     resCrcL
 212               	    com     resCrcH
 213               	    ret
 214               	
 215               	#else   /* USB_USE_FAST_CRC */
 216               	
 217               	; This implementation is slower, but has less code size
 218               	;
 219               	; extern unsigned usbCrc16(unsigned char *argPtr, unsigned char argLen);
 220               	;   argPtr  r24+25 / r16+r17
 221               	;   argLen  r22 / r18
 222               	; temp variables:
 223               	;   byte    r18 / r22
 224               	;   bitCnt  r19
 225               	;   poly    r20+r21
 226               	;   scratch r23
 227               	;   resCrc  r24+r25 / r16+r17
 228               	;   ptr     X / Z
 229               	usbCrc16:
 229:usbdrv/usbdrvasm.S ****     mov     ptrL, argPtrL
 230:usbdrv/usbdrvasm.S ****     mov     ptrH, argPtrH
 231:usbdrv/usbdrvasm.S ****     ldi     resCrcL, 0
 232:usbdrv/usbdrvasm.S ****     ldi     resCrcH, 0
GAS LISTING /tmp/cck7FrRR.s 			page 15


 233:usbdrv/usbdrvasm.S ****     ldi     polyL, lo8(0xa001)
 234:usbdrv/usbdrvasm.S ****     ldi     polyH, hi8(0xa001)
 235:usbdrv/usbdrvasm.S ****     com     argLen      ; argLen = -argLen - 1: modified loop to ensure that carry is set
 236:usbdrv/usbdrvasm.S ****     ldi     bitCnt, 0   ; loop counter with starnd condition = end condition
 237:usbdrv/usbdrvasm.S ****     rjmp    usbCrcLoopEntry
 239               	usbCrcByteLoop:
 239:usbdrv/usbdrvasm.S ****     ld      byte, ptr+
 240:usbdrv/usbdrvasm.S ****     eor     resCrcL, byte
 242               	usbCrcBitLoop:
 242:usbdrv/usbdrvasm.S ****     ror     resCrcH     ; carry is always set here (see brcs jumps to here)
 243:usbdrv/usbdrvasm.S ****     ror     resCrcL
 244:usbdrv/usbdrvasm.S ****     brcs    usbCrcNoXor
 245:usbdrv/usbdrvasm.S ****     eor     resCrcL, polyL
 246:usbdrv/usbdrvasm.S ****     eor     resCrcH, polyH
 248               	usbCrcNoXor:
 248:usbdrv/usbdrvasm.S ****     subi    bitCnt, 224 ; (8 * 224) % 256 = 0; this loop iterates 8 times
 249:usbdrv/usbdrvasm.S ****     brcs    usbCrcBitLoop
 251               	usbCrcLoopEntry:
 251:usbdrv/usbdrvasm.S ****     subi    argLen, -1
 252:usbdrv/usbdrvasm.S ****     brcs    usbCrcByteLoop
 254               	usbCrcReady:
 254:usbdrv/usbdrvasm.S ****     ret
 256               	; Thanks to Reimar Doeffinger for optimizing this CRC routine!
 257               	
 258               	#endif /* USB_USE_FAST_CRC */
 259               	
 260               	; extern unsigned usbCrc16Append(unsigned char *data, unsigned char len);
 261               	usbCrc16Append:
 261:usbdrv/usbdrvasm.S ****     rcall   usbCrc16
 262:usbdrv/usbdrvasm.S ****     st      ptr+, resCrcL
 263:usbdrv/usbdrvasm.S ****     st      ptr+, resCrcH
 264:usbdrv/usbdrvasm.S ****     ret
 266               	
 267               	#undef argLen
 268               	#undef argPtrL
 269               	#undef argPtrH
 270               	#undef resCrcL
 271               	#undef resCrcH
 272               	#undef ptrL
 273               	#undef ptrH
 274               	#undef ptr
 275               	#undef byte
 276               	#undef bitCnt
 277               	#undef polyL
 278               	#undef polyH
 279               	#undef scratch
 280               	
 281               	
 282               	#if USB_CFG_HAVE_MEASURE_FRAME_LENGTH
 283               	#ifdef __IAR_SYSTEMS_ASM__
 284               	/* Register assignments for usbMeasureFrameLength on IAR cc */
 285               	/* Calling conventions on IAR:
 286               	 * First parameter passed in r16/r17, second in r18/r19 and so on.
 287               	 * Callee must preserve r4-r15, r24-r29 (r28/r29 is frame pointer)
 288               	 * Result is passed in r16/r17
 289               	 * In case of the "tiny" memory model, pointers are only 8 bit with no
 290               	 * padding. We therefore pass argument 1 as "16 bit unsigned".
GAS LISTING /tmp/cck7FrRR.s 			page 16


 291               	 */
 292               	#   define resL     r16
 293               	#   define resH     r17
 294               	#   define cnt16L   r30
 295               	#   define cnt16H   r31
 296               	#   define cntH     r18
 297               	
 298               	#else  /* __IAR_SYSTEMS_ASM__ */ 
 299               	/* Register assignments for usbMeasureFrameLength on gcc */
 300               	/* Calling conventions on gcc:
 301               	 * First parameter passed in r24/r25, second in r22/23 and so on.
 302               	 * Callee must preserve r1-r17, r28/r29
 303               	 * Result is passed in r24/r25
 304               	 */
 305               	#   define resL     r24
 306               	#   define resH     r25
 307               	#   define cnt16L   r24
 308               	#   define cnt16H   r25
 309               	#   define cntH     r26
 310               	#endif
 311               	#   define cnt16    cnt16L
 312               	
 313               	; extern unsigned usbMeasurePacketLength(void);
 314               	; returns time between two idle strobes in multiples of 7 CPU clocks
 315               	.global usbMeasureFrameLength
 316               	usbMeasureFrameLength:
 316:usbdrv/usbdrvasm.S ****     ldi     cntH, 6         ; wait ~ 10 ms for D- == 0
 317:usbdrv/usbdrvasm.S ****     clr     cnt16L
 318:usbdrv/usbdrvasm.S ****     clr     cnt16H
 320               	usbMFTime16:
 320:usbdrv/usbdrvasm.S ****     dec     cntH
 321:usbdrv/usbdrvasm.S ****     breq    usbMFTimeout
 323               	usbMFWaitStrobe:            ; first wait for D- == 0 (idle strobe)
 323:usbdrv/usbdrvasm.S ****     sbiw    cnt16, 1        ;[0] [6]
 324:usbdrv/usbdrvasm.S ****     breq    usbMFTime16     ;[2]
 325:usbdrv/usbdrvasm.S ****     sbic    USBIN, USBMINUS ;[3]
 326:usbdrv/usbdrvasm.S ****     rjmp    usbMFWaitStrobe ;[4]
 328               	usbMFWaitIdle:              ; then wait until idle again
 328:usbdrv/usbdrvasm.S ****     sbis    USBIN, USBMINUS ;1 wait for D- == 1
 329:usbdrv/usbdrvasm.S ****     rjmp    usbMFWaitIdle   ;2
 330:usbdrv/usbdrvasm.S ****     ldi     cnt16L, 1       ;1 represents cycles so far
 331:usbdrv/usbdrvasm.S ****     clr     cnt16H          ;1
 333               	usbMFWaitLoop:
 333:usbdrv/usbdrvasm.S ****     in      cntH, USBIN     ;[0] [7]
 334:usbdrv/usbdrvasm.S ****     adiw    cnt16, 1        ;[1]
 335:usbdrv/usbdrvasm.S ****     breq    usbMFTimeout    ;[3]
 336:usbdrv/usbdrvasm.S ****     andi    cntH, USBMASK   ;[4]
 337:usbdrv/usbdrvasm.S ****     brne    usbMFWaitLoop   ;[5]
 339               	usbMFTimeout:
 340               	#if resL != cnt16L
 341               	    mov     resL, cnt16L
 342               	    mov     resH, cnt16H
 343               	#endif
 343:usbdrv/usbdrvasm.S ****     ret
 345               	
 346               	#undef resL
 347               	#undef resH
GAS LISTING /tmp/cck7FrRR.s 			page 17


 348               	#undef cnt16
 349               	#undef cnt16L
 350               	#undef cnt16H
 351               	#undef cntH
 352               	
 353               	#endif  /* USB_CFG_HAVE_MEASURE_FRAME_LENGTH */
 354               	
 355               	;----------------------------------------------------------------------------
 356               	; Now include the clock rate specific code
 357               	;----------------------------------------------------------------------------
 358               	
 359               	#ifndef USB_CFG_CLOCK_KHZ
 360               	#   define USB_CFG_CLOCK_KHZ 12000
 361               	#endif
 362               	
 363               	#if USB_CFG_CHECK_CRC   /* separate dispatcher for CRC type modules */
 364               	#   if USB_CFG_CLOCK_KHZ == 18000
 365               	#       include "usbdrvasm18-crc.inc"
 366               	#   else
 367               	#       error "USB_CFG_CLOCK_KHZ is not one of the supported crc-rates!"
 368               	#   endif
 369               	#else   /* USB_CFG_CHECK_CRC */
 370               	#   if USB_CFG_CLOCK_KHZ == 12000
 371               	#       include "usbdrvasm12.inc"
 372               	#   elif USB_CFG_CLOCK_KHZ == 12800
 373               	#       include "usbdrvasm128.inc"
 374               	#   elif USB_CFG_CLOCK_KHZ == 15000
 375               	#       include "usbdrvasm15.inc"
 376               	#   elif USB_CFG_CLOCK_KHZ == 16000
 377               	#       include "usbdrvasm16.inc"
 378               	#   elif USB_CFG_CLOCK_KHZ == 16500
 379               	#       include "usbdrvasm165.inc"
   1               	/* Name: usbdrvasm165.inc
   2               	 * Project: V-USB, virtual USB port for Atmel's(r) AVR(r) microcontrollers
   3               	 * Author: Christian Starkjohann
   4               	 * Creation Date: 2007-04-22
   5               	 * Tabsize: 4
   6               	 * Copyright: (c) 2007 by OBJECTIVE DEVELOPMENT Software GmbH
   7               	 * License: GNU GPL v2 (see License.txt), GNU GPL v3 or proprietary (CommercialLicense.txt)
   8               	 * Revision: $Id: usbdrvasm165.inc 740 2009-04-13 18:23:31Z cs $
   9               	 */
  10               	
  11               	/* Do not link this file! Link usbdrvasm.S instead, which includes the
  12               	 * appropriate implementation!
  13               	 */
  14               	
  15               	/*
  16               	General Description:
  17               	This file is the 16.5 MHz version of the USB driver. It is intended for the
  18               	ATTiny45 and similar controllers running on 16.5 MHz internal RC oscillator.
  19               	This version contains a phase locked loop in the receiver routine to cope with
  20               	slight clock rate deviations of up to +/- 1%.
  21               	
  22               	See usbdrv.h for a description of the entire driver.
  23               	
  24               	Since almost all of this code is timing critical, don't change unless you
  25               	really know what you are doing! Many parts require not only a maximum number
GAS LISTING /tmp/cck7FrRR.s 			page 18


  26               	of CPU cycles, but even an exact number of cycles!
  27               	*/
  28               	
  29               	;Software-receiver engine. Strict timing! Don't change unless you can preserve timing!
  30               	;interrupt response time: 4 cycles + insn running = 7 max if interrupts always enabled
  31               	;max allowable interrupt latency: 59 cycles -> max 52 cycles interrupt disable
  32               	;max stack usage: [ret(2), r0, SREG, YL, YH, shift, x1, x2, x3, x4, cnt] = 12 bytes
  33               	;nominal frequency: 16.5 MHz -> 11 cycles per bit
  34               	; 16.3125 MHz < F_CPU < 16.6875 MHz (+/- 1.1%)
  35               	; Numbers in brackets are clocks counted from center of last sync bit
  36               	; when instruction starts
  37               	
  38               	
  39               	USB_INTR_VECTOR:
  40               	;order of registers pushed: YL, SREG [sofError], r0, YH, shift, x1, x2, x3, x4, cnt
  40:usbdrv/usbdrvasm165.inc ****     push    YL                  ;[-23] push only what is necessary to sync with edge ASAP
  41:usbdrv/usbdrvasm165.inc ****     in      YL, SREG            ;[-21]
  42:usbdrv/usbdrvasm165.inc ****     push    YL                  ;[-20]
  44               	;----------------------------------------------------------------------------
  45               	; Synchronize with sync pattern:
  46               	;----------------------------------------------------------------------------
  47               	;sync byte (D-) pattern LSb to MSb: 01010100 [1 = idle = J, 0 = K]
  48               	;sync up with J to K edge during sync pattern -- use fastest possible loops
  49               	;The first part waits at most 1 bit long since we must be in sync pattern.
  50               	;YL is guarenteed to be < 0x80 because I flag is clear. When we jump to
  51               	;waitForJ, ensure that this prerequisite is met.
  52               	waitForJ:
  52:usbdrv/usbdrvasm165.inc ****     inc     YL
  53:usbdrv/usbdrvasm165.inc ****     sbis    USBIN, USBMINUS
  54:usbdrv/usbdrvasm165.inc ****     brne    waitForJ        ; just make sure we have ANY timeout
  56               	waitForK:
  57               	;The following code results in a sampling window of < 1/4 bit which meets the spec.
  57:usbdrv/usbdrvasm165.inc ****     sbis    USBIN, USBMINUS     ;[-15]
  58:usbdrv/usbdrvasm165.inc ****     rjmp    foundK              ;[-14]
  59:usbdrv/usbdrvasm165.inc ****     sbis    USBIN, USBMINUS
  60:usbdrv/usbdrvasm165.inc ****     rjmp    foundK
  61:usbdrv/usbdrvasm165.inc ****     sbis    USBIN, USBMINUS
  62:usbdrv/usbdrvasm165.inc ****     rjmp    foundK
  63:usbdrv/usbdrvasm165.inc ****     sbis    USBIN, USBMINUS
  64:usbdrv/usbdrvasm165.inc ****     rjmp    foundK
  65:usbdrv/usbdrvasm165.inc ****     sbis    USBIN, USBMINUS
  66:usbdrv/usbdrvasm165.inc ****     rjmp    foundK
  67:usbdrv/usbdrvasm165.inc ****     sbis    USBIN, USBMINUS
  68:usbdrv/usbdrvasm165.inc ****     rjmp    foundK
  70               	#if USB_COUNT_SOF
  70:usbdrv/usbdrvasm165.inc ****     lds     YL, usbSofCount
  71:usbdrv/usbdrvasm165.inc ****     inc     YL
  72:usbdrv/usbdrvasm165.inc ****     sts     usbSofCount, YL
  73:usbdrv/usbdrvasm165.inc **** #endif  /* USB_COUNT_SOF */
  74:usbdrv/usbdrvasm165.inc **** #ifdef USB_SOF_HOOK
  75:usbdrv/usbdrvasm165.inc ****     USB_SOF_HOOK
  76:usbdrv/usbdrvasm165.inc **** #endif
  77:usbdrv/usbdrvasm165.inc ****     rjmp    sofError
  79               	foundK:                         ;[-12]
  80               	;{3, 5} after falling D- edge, average delay: 4 cycles [we want 5 for center sampling]
  81               	;we have 1 bit time for setup purposes, then sample again. Numbers in brackets
  82               	;are cycles from center of first sync (double K) bit after the instruction
GAS LISTING /tmp/cck7FrRR.s 			page 19


  82:usbdrv/usbdrvasm165.inc ****     push    r0                  ;[-12]
  84               	;   [---]                       ;[-11]
  84:usbdrv/usbdrvasm165.inc ****     push    YH                  ;[-10]
  86               	;   [---]                       ;[-9]
  86:usbdrv/usbdrvasm165.inc ****     lds     YL, usbInputBufOffset;[-8]
  88               	;   [---]                       ;[-7]
  88:usbdrv/usbdrvasm165.inc ****     clr     YH                  ;[-6]
  89:usbdrv/usbdrvasm165.inc ****     subi    YL, lo8(-(usbRxBuf));[-5] [rx loop init]
  90:usbdrv/usbdrvasm165.inc ****     sbci    YH, hi8(-(usbRxBuf));[-4] [rx loop init]
  91:usbdrv/usbdrvasm165.inc ****     mov     r0, x2              ;[-3] [rx loop init]
  92:usbdrv/usbdrvasm165.inc ****     sbis    USBIN, USBMINUS     ;[-2] we want two bits K (sample 2 cycles too early)
  93:usbdrv/usbdrvasm165.inc ****     rjmp    haveTwoBitsK        ;[-1]
  94:usbdrv/usbdrvasm165.inc ****     pop     YH                  ;[0] undo the pushes from before
  95:usbdrv/usbdrvasm165.inc ****     pop     r0                  ;[2]
  96:usbdrv/usbdrvasm165.inc ****     rjmp    waitForK            ;[4] this was not the end of sync, retry
  98               	; The entire loop from waitForK until rjmp waitForK above must not exceed two
  99               	; bit times (= 22 cycles).
 100               	
 101               	;----------------------------------------------------------------------------
 102               	; push more registers and initialize values while we sample the first bits:
 103               	;----------------------------------------------------------------------------
 104               	haveTwoBitsK:               ;[1]
 104:usbdrv/usbdrvasm165.inc ****     push    shift           ;[1]
 105:usbdrv/usbdrvasm165.inc ****     push    x1              ;[3]
 106:usbdrv/usbdrvasm165.inc ****     push    x2              ;[5]
 107:usbdrv/usbdrvasm165.inc ****     push    x3              ;[7]
 108:usbdrv/usbdrvasm165.inc ****     ldi     shift, 0xff     ;[9] [rx loop init]
 109:usbdrv/usbdrvasm165.inc ****     ori     x3, 0xff        ;[10] [rx loop init] == ser x3, clear zero flag
 111               	
 111:usbdrv/usbdrvasm165.inc ****     in      x1, USBIN       ;[11] <-- sample bit 0
 112:usbdrv/usbdrvasm165.inc ****     bst     x1, USBMINUS    ;[12]
 113:usbdrv/usbdrvasm165.inc ****     bld     shift, 0        ;[13]
 114:usbdrv/usbdrvasm165.inc ****     push    x4              ;[14] == phase
 116               	;   [---]                   ;[15]
 116:usbdrv/usbdrvasm165.inc ****     push    cnt             ;[16]
 118               	;   [---]                   ;[17]
 118:usbdrv/usbdrvasm165.inc ****     ldi     phase, 0        ;[18] [rx loop init]
 119:usbdrv/usbdrvasm165.inc ****     ldi     cnt, USB_BUFSIZE;[19] [rx loop init]
 120:usbdrv/usbdrvasm165.inc ****     rjmp    rxbit1          ;[20]
 122               	;   [---]                   ;[21]
 123               	
 124               	;----------------------------------------------------------------------------
 125               	; Receiver loop (numbers in brackets are cycles within byte after instr)
 126               	;----------------------------------------------------------------------------
 127               	/*
 128               	byte oriented operations done during loop:
 129               	bit 0: store data
 130               	bit 1: SE0 check
 131               	bit 2: overflow check
 132               	bit 3: catch up
 133               	bit 4: rjmp to achieve conditional jump range
 134               	bit 5: PLL
 135               	bit 6: catch up
 136               	bit 7: jump, fixup bitstuff
 137               	; 87 [+ 2] cycles
 138               	------------------------------------------------------------------
 139               	*/
GAS LISTING /tmp/cck7FrRR.s 			page 20


 140               	continueWithBit5:
 140:usbdrv/usbdrvasm165.inc ****     in      x2, USBIN       ;[055] <-- bit 5
 141:usbdrv/usbdrvasm165.inc ****     eor     r0, x2          ;[056]
 142:usbdrv/usbdrvasm165.inc ****     or      phase, r0       ;[057]
 143:usbdrv/usbdrvasm165.inc ****     sbrc    phase, USBMINUS ;[058]
 144:usbdrv/usbdrvasm165.inc ****     lpm                     ;[059] optional nop3; modifies r0
 145:usbdrv/usbdrvasm165.inc ****     in      phase, USBIN    ;[060] <-- phase
 146:usbdrv/usbdrvasm165.inc ****     eor     x1, x2          ;[061]
 147:usbdrv/usbdrvasm165.inc ****     bst     x1, USBMINUS    ;[062]
 148:usbdrv/usbdrvasm165.inc ****     bld     shift, 5        ;[063]
 149:usbdrv/usbdrvasm165.inc ****     andi    shift, 0x3f     ;[064]
 150:usbdrv/usbdrvasm165.inc ****     in      x1, USBIN       ;[065] <-- bit 6
 151:usbdrv/usbdrvasm165.inc ****     breq    unstuff5        ;[066] *** unstuff escape
 152:usbdrv/usbdrvasm165.inc ****     eor     phase, x1       ;[067]
 153:usbdrv/usbdrvasm165.inc ****     eor     x2, x1          ;[068]
 154:usbdrv/usbdrvasm165.inc ****     bst     x2, USBMINUS    ;[069]
 155:usbdrv/usbdrvasm165.inc ****     bld     shift, 6        ;[070]
 157               	didUnstuff6:                ;[   ]
 157:usbdrv/usbdrvasm165.inc ****     in      r0, USBIN       ;[071] <-- phase
 158:usbdrv/usbdrvasm165.inc ****     cpi     shift, 0x02     ;[072]
 159:usbdrv/usbdrvasm165.inc ****     brlo    unstuff6        ;[073] *** unstuff escape
 161               	didUnstuff5:                ;[   ]
 161:usbdrv/usbdrvasm165.inc ****     nop2                    ;[074]
 163               	;   [---]                   ;[075]
 163:usbdrv/usbdrvasm165.inc ****     in      x2, USBIN       ;[076] <-- bit 7
 164:usbdrv/usbdrvasm165.inc ****     eor     x1, x2          ;[077]
 165:usbdrv/usbdrvasm165.inc ****     bst     x1, USBMINUS    ;[078]
 166:usbdrv/usbdrvasm165.inc ****     bld     shift, 7        ;[079]
 168               	didUnstuff7:                ;[   ]
 168:usbdrv/usbdrvasm165.inc ****     eor     r0, x2          ;[080]
 169:usbdrv/usbdrvasm165.inc ****     or      phase, r0       ;[081]
 170:usbdrv/usbdrvasm165.inc ****     in      r0, USBIN       ;[082] <-- phase
 171:usbdrv/usbdrvasm165.inc ****     cpi     shift, 0x04     ;[083]
 172:usbdrv/usbdrvasm165.inc ****     brsh    rxLoop          ;[084]
 174               	;   [---]                   ;[085]
 175               	unstuff7:                   ;[   ]
 175:usbdrv/usbdrvasm165.inc ****     andi    x3, ~0x80       ;[085]
 176:usbdrv/usbdrvasm165.inc ****     ori     shift, 0x80     ;[086]
 177:usbdrv/usbdrvasm165.inc ****     in      x2, USBIN       ;[087] <-- sample stuffed bit 7
 178:usbdrv/usbdrvasm165.inc ****     nop                     ;[088]
 179:usbdrv/usbdrvasm165.inc ****     rjmp    didUnstuff7     ;[089]
 181               	;   [---]                   ;[090]
 182               	                            ;[080]
 183               	
 184               	unstuff5:                   ;[067]
 184:usbdrv/usbdrvasm165.inc ****     eor     phase, x1       ;[068]
 185:usbdrv/usbdrvasm165.inc ****     andi    x3, ~0x20       ;[069]
 186:usbdrv/usbdrvasm165.inc ****     ori     shift, 0x20     ;[070]
 187:usbdrv/usbdrvasm165.inc ****     in      r0, USBIN       ;[071] <-- phase
 188:usbdrv/usbdrvasm165.inc ****     mov     x2, x1          ;[072]
 189:usbdrv/usbdrvasm165.inc ****     nop                     ;[073]
 190:usbdrv/usbdrvasm165.inc ****     nop2                    ;[074]
 192               	;   [---]                   ;[075]
 192:usbdrv/usbdrvasm165.inc ****     in      x1, USBIN       ;[076] <-- bit 6
 193:usbdrv/usbdrvasm165.inc ****     eor     r0, x1          ;[077]
 194:usbdrv/usbdrvasm165.inc ****     or      phase, r0       ;[078]
 195:usbdrv/usbdrvasm165.inc ****     eor     x2, x1          ;[079]
GAS LISTING /tmp/cck7FrRR.s 			page 21


 196:usbdrv/usbdrvasm165.inc ****     bst     x2, USBMINUS    ;[080]
 197:usbdrv/usbdrvasm165.inc ****     bld     shift, 6        ;[081] no need to check bitstuffing, we just had one
 198:usbdrv/usbdrvasm165.inc ****     in      r0, USBIN       ;[082] <-- phase
 199:usbdrv/usbdrvasm165.inc ****     rjmp    didUnstuff5     ;[083]
 201               	;   [---]                   ;[084]
 202               	                            ;[074]
 203               	
 204               	unstuff6:                   ;[074]
 204:usbdrv/usbdrvasm165.inc ****     andi    x3, ~0x40       ;[075]
 205:usbdrv/usbdrvasm165.inc ****     in      x1, USBIN       ;[076] <-- bit 6 again
 206:usbdrv/usbdrvasm165.inc ****     ori     shift, 0x40     ;[077]
 207:usbdrv/usbdrvasm165.inc ****     nop2                    ;[078]
 209               	;   [---]                   ;[079]
 209:usbdrv/usbdrvasm165.inc ****     rjmp    didUnstuff6     ;[080]
 211               	;   [---]                   ;[081]
 212               	                            ;[071]
 213               	
 214               	unstuff0:                   ;[013]
 214:usbdrv/usbdrvasm165.inc ****     eor     r0, x2          ;[014]
 215:usbdrv/usbdrvasm165.inc ****     or      phase, r0       ;[015]
 216:usbdrv/usbdrvasm165.inc ****     andi    x2, USBMASK     ;[016] check for SE0
 217:usbdrv/usbdrvasm165.inc ****     in      r0, USBIN       ;[017] <-- phase
 218:usbdrv/usbdrvasm165.inc ****     breq    didUnstuff0     ;[018] direct jump to se0 would be too long
 219:usbdrv/usbdrvasm165.inc ****     andi    x3, ~0x01       ;[019]
 220:usbdrv/usbdrvasm165.inc ****     ori     shift, 0x01     ;[020]
 221:usbdrv/usbdrvasm165.inc ****     mov     x1, x2          ;[021] mov existing sample
 222:usbdrv/usbdrvasm165.inc ****     in      x2, USBIN       ;[022] <-- bit 1 again
 223:usbdrv/usbdrvasm165.inc ****     rjmp    didUnstuff0     ;[023]
 225               	;   [---]                   ;[024]
 226               	                            ;[014]
 227               	
 228               	unstuff1:                   ;[024]
 228:usbdrv/usbdrvasm165.inc ****     eor     r0, x1          ;[025]
 229:usbdrv/usbdrvasm165.inc ****     or      phase, r0       ;[026]
 230:usbdrv/usbdrvasm165.inc ****     andi    x3, ~0x02       ;[027]
 231:usbdrv/usbdrvasm165.inc ****     in      r0, USBIN       ;[028] <-- phase
 232:usbdrv/usbdrvasm165.inc ****     ori     shift, 0x02     ;[029]
 233:usbdrv/usbdrvasm165.inc ****     mov     x2, x1          ;[030]
 234:usbdrv/usbdrvasm165.inc ****     rjmp    didUnstuff1     ;[031]
 236               	;   [---]                   ;[032]
 237               	                            ;[022]
 238               	
 239               	unstuff2:                   ;[035]
 239:usbdrv/usbdrvasm165.inc ****     eor     r0, x2          ;[036]
 240:usbdrv/usbdrvasm165.inc ****     or      phase, r0       ;[037]
 241:usbdrv/usbdrvasm165.inc ****     andi    x3, ~0x04       ;[038]
 242:usbdrv/usbdrvasm165.inc ****     in      r0, USBIN       ;[039] <-- phase
 243:usbdrv/usbdrvasm165.inc ****     ori     shift, 0x04     ;[040]
 244:usbdrv/usbdrvasm165.inc ****     mov     x1, x2          ;[041]
 245:usbdrv/usbdrvasm165.inc ****     rjmp    didUnstuff2     ;[042]
 247               	;   [---]                   ;[043]
 248               	                            ;[033]
 249               	
 250               	unstuff3:                   ;[043]
 250:usbdrv/usbdrvasm165.inc ****     in      x2, USBIN       ;[044] <-- bit 3 again
 251:usbdrv/usbdrvasm165.inc ****     eor     r0, x2          ;[045]
 252:usbdrv/usbdrvasm165.inc ****     or      phase, r0       ;[046]
GAS LISTING /tmp/cck7FrRR.s 			page 22


 253:usbdrv/usbdrvasm165.inc ****     andi    x3, ~0x08       ;[047]
 254:usbdrv/usbdrvasm165.inc ****     ori     shift, 0x08     ;[048]
 255:usbdrv/usbdrvasm165.inc ****     nop                     ;[049]
 256:usbdrv/usbdrvasm165.inc ****     in      r0, USBIN       ;[050] <-- phase
 257:usbdrv/usbdrvasm165.inc ****     rjmp    didUnstuff3     ;[051]
 259               	;   [---]                   ;[052]
 260               	                            ;[042]
 261               	
 262               	unstuff4:                   ;[053]
 262:usbdrv/usbdrvasm165.inc ****     andi    x3, ~0x10       ;[054]
 263:usbdrv/usbdrvasm165.inc ****     in      x1, USBIN       ;[055] <-- bit 4 again
 264:usbdrv/usbdrvasm165.inc ****     ori     shift, 0x10     ;[056]
 265:usbdrv/usbdrvasm165.inc ****     rjmp    didUnstuff4     ;[057]
 267               	;   [---]                   ;[058]
 268               	                            ;[048]
 269               	
 270               	rxLoop:                     ;[085]
 270:usbdrv/usbdrvasm165.inc ****     eor     x3, shift       ;[086] reconstruct: x3 is 0 at bit locations we changed, 1 at others
 271:usbdrv/usbdrvasm165.inc ****     in      x1, USBIN       ;[000] <-- bit 0
 272:usbdrv/usbdrvasm165.inc ****     st      y+, x3          ;[001]
 274               	;   [---]                   ;[002]
 274:usbdrv/usbdrvasm165.inc ****     eor     r0, x1          ;[003]
 275:usbdrv/usbdrvasm165.inc ****     or      phase, r0       ;[004]
 276:usbdrv/usbdrvasm165.inc ****     eor     x2, x1          ;[005]
 277:usbdrv/usbdrvasm165.inc ****     in      r0, USBIN       ;[006] <-- phase
 278:usbdrv/usbdrvasm165.inc ****     ser     x3              ;[007]
 279:usbdrv/usbdrvasm165.inc ****     bst     x2, USBMINUS    ;[008]
 280:usbdrv/usbdrvasm165.inc ****     bld     shift, 0        ;[009]
 281:usbdrv/usbdrvasm165.inc ****     andi    shift, 0xf9     ;[010]
 283               	rxbit1:                     ;[   ]
 283:usbdrv/usbdrvasm165.inc ****     in      x2, USBIN       ;[011] <-- bit 1
 284:usbdrv/usbdrvasm165.inc ****     breq    unstuff0        ;[012] *** unstuff escape
 285:usbdrv/usbdrvasm165.inc ****     andi    x2, USBMASK     ;[013] SE0 check for bit 1
 287               	didUnstuff0:                ;[   ] Z only set if we detected SE0 in bitstuff
 287:usbdrv/usbdrvasm165.inc ****     breq    se0             ;[014]
 288:usbdrv/usbdrvasm165.inc ****     eor     r0, x2          ;[015]
 289:usbdrv/usbdrvasm165.inc ****     or      phase, r0       ;[016]
 290:usbdrv/usbdrvasm165.inc ****     in      r0, USBIN       ;[017] <-- phase
 291:usbdrv/usbdrvasm165.inc ****     eor     x1, x2          ;[018]
 292:usbdrv/usbdrvasm165.inc ****     bst     x1, USBMINUS    ;[019]
 293:usbdrv/usbdrvasm165.inc ****     bld     shift, 1        ;[020]
 294:usbdrv/usbdrvasm165.inc ****     andi    shift, 0xf3     ;[021]
 296               	didUnstuff1:                ;[   ]
 296:usbdrv/usbdrvasm165.inc ****     in      x1, USBIN       ;[022] <-- bit 2
 297:usbdrv/usbdrvasm165.inc ****     breq    unstuff1        ;[023] *** unstuff escape
 298:usbdrv/usbdrvasm165.inc ****     eor     r0, x1          ;[024]
 299:usbdrv/usbdrvasm165.inc ****     or      phase, r0       ;[025]
 300:usbdrv/usbdrvasm165.inc ****     subi    cnt, 1          ;[026] overflow check
 301:usbdrv/usbdrvasm165.inc ****     brcs    overflow        ;[027]
 302:usbdrv/usbdrvasm165.inc ****     in      r0, USBIN       ;[028] <-- phase
 303:usbdrv/usbdrvasm165.inc ****     eor     x2, x1          ;[029]
 304:usbdrv/usbdrvasm165.inc ****     bst     x2, USBMINUS    ;[030]
 305:usbdrv/usbdrvasm165.inc ****     bld     shift, 2        ;[031]
 306:usbdrv/usbdrvasm165.inc ****     andi    shift, 0xe7     ;[032]
 308               	didUnstuff2:                ;[   ]
 308:usbdrv/usbdrvasm165.inc ****     in      x2, USBIN       ;[033] <-- bit 3
 309:usbdrv/usbdrvasm165.inc ****     breq    unstuff2        ;[034] *** unstuff escape
GAS LISTING /tmp/cck7FrRR.s 			page 23


 310:usbdrv/usbdrvasm165.inc ****     eor     r0, x2          ;[035]
 311:usbdrv/usbdrvasm165.inc ****     or      phase, r0       ;[036]
 312:usbdrv/usbdrvasm165.inc ****     eor     x1, x2          ;[037]
 313:usbdrv/usbdrvasm165.inc ****     bst     x1, USBMINUS    ;[038]
 314:usbdrv/usbdrvasm165.inc ****     in      r0, USBIN       ;[039] <-- phase
 315:usbdrv/usbdrvasm165.inc ****     bld     shift, 3        ;[040]
 316:usbdrv/usbdrvasm165.inc ****     andi    shift, 0xcf     ;[041]
 318               	didUnstuff3:                ;[   ]
 318:usbdrv/usbdrvasm165.inc ****     breq    unstuff3        ;[042] *** unstuff escape
 319:usbdrv/usbdrvasm165.inc ****     nop                     ;[043]
 320:usbdrv/usbdrvasm165.inc ****     in      x1, USBIN       ;[044] <-- bit 4
 321:usbdrv/usbdrvasm165.inc ****     eor     x2, x1          ;[045]
 322:usbdrv/usbdrvasm165.inc ****     bst     x2, USBMINUS    ;[046]
 323:usbdrv/usbdrvasm165.inc ****     bld     shift, 4        ;[047]
 325               	didUnstuff4:                ;[   ]
 325:usbdrv/usbdrvasm165.inc ****     eor     r0, x1          ;[048]
 326:usbdrv/usbdrvasm165.inc ****     or      phase, r0       ;[049]
 327:usbdrv/usbdrvasm165.inc ****     in      r0, USBIN       ;[050] <-- phase
 328:usbdrv/usbdrvasm165.inc ****     andi    shift, 0x9f     ;[051]
 329:usbdrv/usbdrvasm165.inc ****     breq    unstuff4        ;[052] *** unstuff escape
 330:usbdrv/usbdrvasm165.inc ****     rjmp    continueWithBit5;[053]
 332               	;   [---]                   ;[054]
 333               	
 334               	macro POP_STANDARD ; 16 cycles
 335               	    pop     cnt
 336               	    pop     x4
 337               	    pop     x3
 338               	    pop     x2
 339               	    pop     x1
 340               	    pop     shift
 341               	    pop     YH
 342               	    pop     r0
 343               	    endm
 344               	macro POP_RETI     ; 5 cycles
 345               	    pop     YL
 346               	    out     SREG, YL
 347               	    pop     YL
 348               	    endm
 349               	
 350               	#include "asmcommon.inc"
   1               	/* Name: asmcommon.inc
   2               	 * Project: V-USB, virtual USB port for Atmel's(r) AVR(r) microcontrollers
   3               	 * Author: Christian Starkjohann
   4               	 * Creation Date: 2007-11-05
   5               	 * Tabsize: 4
   6               	 * Copyright: (c) 2007 by OBJECTIVE DEVELOPMENT Software GmbH
   7               	 * License: GNU GPL v2 (see License.txt), GNU GPL v3 or proprietary (CommercialLicense.txt)
   8               	 * Revision: $Id$
   9               	 */
  10               	
  11               	/* Do not link this file! Link usbdrvasm.S instead, which includes the
  12               	 * appropriate implementation!
  13               	 */
  14               	
  15               	/*
  16               	General Description:
  17               	This file contains assembler code which is shared among the USB driver
GAS LISTING /tmp/cck7FrRR.s 			page 24


  18               	implementations for different CPU cocks. Since the code must be inserted
  19               	in the middle of the module, it's split out into this file and #included.
  20               	
  21               	Jump destinations called from outside:
  22               	    sofError: Called when no start sequence was found.
  23               	    se0: Called when a package has been successfully received.
  24               	    overflow: Called when receive buffer overflows.
  25               	    doReturn: Called after sending data.
  26               	
  27               	Outside jump destinations used by this module:
  28               	    waitForJ: Called to receive an already arriving packet.
  29               	    sendAckAndReti:
  30               	    sendNakAndReti:
  31               	    sendCntAndReti:
  32               	    usbSendAndReti:
  33               	
  34               	The following macros must be defined before this file is included:
  35               	    .macro POP_STANDARD
  36               	    .endm
  37               	    .macro POP_RETI
  38               	    .endm
  39               	*/
  40               	
  41               	#define token   x1
  42               	
  43               	overflow:
  43:usbdrv/asmcommon.inc ****     ldi     x2, 1<<USB_INTR_PENDING_BIT
  44:usbdrv/asmcommon.inc ****     USB_STORE_PENDING(x2)       ; clear any pending interrupts
  46               	ignorePacket:
  46:usbdrv/asmcommon.inc ****     clr     token
  47:usbdrv/asmcommon.inc ****     rjmp    storeTokenAndReturn
  49               	
  50               	;----------------------------------------------------------------------------
  51               	; Processing of received packet (numbers in brackets are cycles after center of SE0)
  52               	;----------------------------------------------------------------------------
  53               	;This is the only non-error exit point for the software receiver loop
  54               	;we don't check any CRCs here because there is no time left.
  55               	se0:
  55:usbdrv/asmcommon.inc ****     subi    cnt, USB_BUFSIZE    ;[5]
  56:usbdrv/asmcommon.inc ****     neg     cnt                 ;[6]
  57:usbdrv/asmcommon.inc ****     sub     YL, cnt             ;[7]
  58:usbdrv/asmcommon.inc ****     sbci    YH, 0               ;[8]
  59:usbdrv/asmcommon.inc ****     ldi     x2, 1<<USB_INTR_PENDING_BIT ;[9]
  60:usbdrv/asmcommon.inc ****     USB_STORE_PENDING(x2)       ;[10] clear pending intr and check flag later. SE0 should be over.
  61:usbdrv/asmcommon.inc ****     ld      token, y            ;[11]
  62:usbdrv/asmcommon.inc ****     cpi     token, USBPID_DATA0 ;[13]
  63:usbdrv/asmcommon.inc ****     breq    handleData          ;[14]
  64:usbdrv/asmcommon.inc ****     cpi     token, USBPID_DATA1 ;[15]
  65:usbdrv/asmcommon.inc ****     breq    handleData          ;[16]
  66:usbdrv/asmcommon.inc ****     lds     shift, usbDeviceAddr;[17]
  67:usbdrv/asmcommon.inc ****     ldd     x2, y+1             ;[19] ADDR and 1 bit endpoint number
  68:usbdrv/asmcommon.inc ****     lsl     x2                  ;[21] shift out 1 bit endpoint number
  69:usbdrv/asmcommon.inc ****     cpse    x2, shift           ;[22]
  70:usbdrv/asmcommon.inc ****     rjmp    ignorePacket        ;[23]
  72               	/* only compute endpoint number in x3 if required later */
  73               	#if USB_CFG_HAVE_INTRIN_ENDPOINT || USB_CFG_IMPLEMENT_FN_WRITEOUT
  73:usbdrv/asmcommon.inc ****     ldd     x3, y+2             ;[24] endpoint number + crc
GAS LISTING /tmp/cck7FrRR.s 			page 25


  74:usbdrv/asmcommon.inc ****     rol     x3                  ;[26] shift in LSB of endpoint
  76               	#endif
  76:usbdrv/asmcommon.inc ****     cpi     token, USBPID_IN    ;[27]
  77:usbdrv/asmcommon.inc ****     breq    handleIn            ;[28]
  78:usbdrv/asmcommon.inc ****     cpi     token, USBPID_SETUP ;[29]
  79:usbdrv/asmcommon.inc ****     breq    handleSetupOrOut    ;[30]
  80:usbdrv/asmcommon.inc ****     cpi     token, USBPID_OUT   ;[31]
  81:usbdrv/asmcommon.inc ****     brne    ignorePacket        ;[32] must be ack, nak or whatever
  83               	;   rjmp    handleSetupOrOut    ; fallthrough
  84               	
  85               	;Setup and Out are followed by a data packet two bit times (16 cycles) after
  86               	;the end of SE0. The sync code allows up to 40 cycles delay from the start of
  87               	;the sync pattern until the first bit is sampled. That's a total of 56 cycles.
  88               	handleSetupOrOut:               ;[32]
  89               	#if USB_CFG_IMPLEMENT_FN_WRITEOUT   /* if we have data for endpoint != 0, set usbCurrentTok to addr
  90               	    andi    x3, 0xf             ;[32]
  91               	    breq    storeTokenAndReturn ;[33]
  92               	    mov     token, x3           ;[34] indicate that this is endpoint x OUT
  93               	#endif
  94               	storeTokenAndReturn:
  94:usbdrv/asmcommon.inc ****     sts     usbCurrentTok, token;[35]
  96               	doReturn:
  96:usbdrv/asmcommon.inc ****     POP_STANDARD                ;[37] 12...16 cycles
  97 0212 3F91      	> pop r19
  97 0214 5F91      	> pop r21
  97 0216 4F91      	> pop r20
  97 0218 1F91      	> pop r17
  97 021a 0F91      	> pop r16
  97 021c 2F91      	> pop r18
  97 021e DF91      	> pop r29
  97 0220 0F90      	> pop r0
  97:usbdrv/asmcommon.inc ****     USB_LOAD_PENDING(YL)        ;[49]
  98:usbdrv/asmcommon.inc ****     sbrc    YL, USB_INTR_PENDING_BIT;[50] check whether data is already arriving
  99:usbdrv/asmcommon.inc ****     rjmp    waitForJ            ;[51] save the pops and pushes -- a new interrupt is already pendin
 101               	sofError:
 101:usbdrv/asmcommon.inc ****     POP_RETI                    ;macro call
 102 0228 CF91      	> pop r28
 102 022a CFBF      	> out ((0x3F)+0),r28
 102 022c CF91      	> pop r28
 102:usbdrv/asmcommon.inc ****     reti
 104               	
 105               	handleData:
 106               	#if USB_CFG_CHECK_CRC
 107               	    CRC_CLEANUP_AND_CHECK       ; jumps to ignorePacket if CRC error
 108               	#endif
 108:usbdrv/asmcommon.inc ****     lds     shift, usbCurrentTok;[18]
 109:usbdrv/asmcommon.inc ****     tst     shift               ;[20]
 110:usbdrv/asmcommon.inc ****     breq    doReturn            ;[21]
 111:usbdrv/asmcommon.inc ****     lds     x2, usbRxLen        ;[22]
 112:usbdrv/asmcommon.inc ****     tst     x2                  ;[24]
 113:usbdrv/asmcommon.inc ****     brne    sendNakAndReti      ;[25]
 115               	; 2006-03-11: The following two lines fix a problem where the device was not
 116               	; recognized if usbPoll() was called less frequently than once every 4 ms.
 116:usbdrv/asmcommon.inc ****     cpi     cnt, 4              ;[26] zero sized data packets are status phase only -- ignore and a
 117:usbdrv/asmcommon.inc ****     brmi    sendAckAndReti      ;[27] keep rx buffer clean -- we must not NAK next SETUP
 119               	#if USB_CFG_CHECK_DATA_TOGGLING
 120               	    sts     usbCurrentDataToken, token  ; store for checking by C code
GAS LISTING /tmp/cck7FrRR.s 			page 26


 121               	#endif
 121:usbdrv/asmcommon.inc ****     sts     usbRxLen, cnt       ;[28] store received data, swap buffers
 122:usbdrv/asmcommon.inc ****     sts     usbRxToken, shift   ;[30]
 123:usbdrv/asmcommon.inc ****     lds     x2, usbInputBufOffset;[32] swap buffers
 124:usbdrv/asmcommon.inc ****     ldi     cnt, USB_BUFSIZE    ;[34]
 125:usbdrv/asmcommon.inc ****     sub     cnt, x2             ;[35]
 126:usbdrv/asmcommon.inc ****     sts     usbInputBufOffset, cnt;[36] buffers now swapped
 127:usbdrv/asmcommon.inc ****     rjmp    sendAckAndReti      ;[38] 40 + 17 = 57 until SOP
 129               	
 130               	handleIn:
 131               	;We don't send any data as long as the C code has not processed the current
 132               	;input data and potentially updated the output data. That's more efficient
 133               	;in terms of code size than clearing the tx buffers when a packet is received.
 133:usbdrv/asmcommon.inc ****     lds     x1, usbRxLen        ;[30]
 134:usbdrv/asmcommon.inc ****     cpi     x1, 1               ;[32] negative values are flow control, 0 means "buffer free"
 135:usbdrv/asmcommon.inc ****     brge    sendNakAndReti      ;[33] unprocessed input packet?
 136:usbdrv/asmcommon.inc ****     ldi     x1, USBPID_NAK      ;[34] prepare value for usbTxLen
 138               	#if USB_CFG_HAVE_INTRIN_ENDPOINT
 138:usbdrv/asmcommon.inc ****     andi    x3, 0xf             ;[35] x3 contains endpoint
 140               	#if USB_CFG_SUPPRESS_INTR_CODE
 141               	    brne    sendNakAndReti      ;[36]
 142               	#else
 142:usbdrv/asmcommon.inc ****     brne    handleIn1           ;[36]
 144               	#endif
 145               	#endif
 145:usbdrv/asmcommon.inc ****     lds     cnt, usbTxLen       ;[37]
 146:usbdrv/asmcommon.inc ****     sbrc    cnt, 4              ;[39] all handshake tokens have bit 4 set
 147:usbdrv/asmcommon.inc ****     rjmp    sendCntAndReti      ;[40] 42 + 16 = 58 until SOP
 148:usbdrv/asmcommon.inc ****     sts     usbTxLen, x1        ;[41] x1 == USBPID_NAK from above
 149:usbdrv/asmcommon.inc ****     ldi     YL, lo8(usbTxBuf)   ;[43]
 150:usbdrv/asmcommon.inc ****     ldi     YH, hi8(usbTxBuf)   ;[44]
 151:usbdrv/asmcommon.inc ****     rjmp    usbSendAndReti      ;[45] 57 + 12 = 59 until SOP
 153               	
 154               	; Comment about when to set usbTxLen to USBPID_NAK:
 155               	; We should set it back when we receive the ACK from the host. This would
 156               	; be simple to implement: One static variable which stores whether the last
 157               	; tx was for endpoint 0 or 1 and a compare in the receiver to distinguish the
 158               	; ACK. However, we set it back immediately when we send the package,
 159               	; assuming that no error occurs and the host sends an ACK. We save one byte
 160               	; RAM this way and avoid potential problems with endless retries. The rest of
 161               	; the driver assumes error-free transfers anyway.
 162               	
 163               	#if !USB_CFG_SUPPRESS_INTR_CODE && USB_CFG_HAVE_INTRIN_ENDPOINT /* placed here due to relative jump
 164               	handleIn1:                      ;[38]
 165               	#if USB_CFG_HAVE_INTRIN_ENDPOINT3
 166               	; 2006-06-10 as suggested by O.Tamura: support second INTR IN / BULK IN endpoint
 167               	    cpi     x3, USB_CFG_EP3_NUMBER;[38]
 168               	    breq    handleIn3           ;[39]
 169               	#endif
 169:usbdrv/asmcommon.inc ****     lds     cnt, usbTxLen1      ;[40]
 170:usbdrv/asmcommon.inc ****     sbrc    cnt, 4              ;[42] all handshake tokens have bit 4 set
 171:usbdrv/asmcommon.inc ****     rjmp    sendCntAndReti      ;[43] 47 + 16 = 63 until SOP
 172:usbdrv/asmcommon.inc ****     sts     usbTxLen1, x1       ;[44] x1 == USBPID_NAK from above
 173:usbdrv/asmcommon.inc ****     ldi     YL, lo8(usbTxBuf1)  ;[46]
 174:usbdrv/asmcommon.inc ****     ldi     YH, hi8(usbTxBuf1)  ;[47]
 175:usbdrv/asmcommon.inc ****     rjmp    usbSendAndReti      ;[48] 50 + 12 = 62 until SOP
 177               	
GAS LISTING /tmp/cck7FrRR.s 			page 27


 351               	
 352               	
 353               	; USB spec says:
 354               	; idle = J
 355               	; J = (D+ = 0), (D- = 1)
 356               	; K = (D+ = 1), (D- = 0)
 357               	; Spec allows 7.5 bit times from EOP to SOP for replies
 358               	
 359               	bitstuff7:
 359:usbdrv/usbdrvasm165.inc ****     eor     x1, x4          ;[4]
 360:usbdrv/usbdrvasm165.inc ****     ldi     x2, 0           ;[5]
 361:usbdrv/usbdrvasm165.inc ****     nop2                    ;[6] C is zero (brcc)
 362:usbdrv/usbdrvasm165.inc ****     rjmp    didStuff7       ;[8]
 364               	
 365               	bitstuffN:
 365:usbdrv/usbdrvasm165.inc ****     eor     x1, x4          ;[5]
 366:usbdrv/usbdrvasm165.inc ****     ldi     x2, 0           ;[6]
 367:usbdrv/usbdrvasm165.inc ****     lpm                     ;[7] 3 cycle NOP, modifies r0
 368:usbdrv/usbdrvasm165.inc ****     out     USBOUT, x1      ;[10] <-- out
 369:usbdrv/usbdrvasm165.inc ****     rjmp    didStuffN       ;[0]
 371               	
 372               	#define bitStatus   x3
 373               	
 374               	sendNakAndReti:
 374:usbdrv/usbdrvasm165.inc ****     ldi     cnt, USBPID_NAK ;[-19]
 375:usbdrv/usbdrvasm165.inc ****     rjmp    sendCntAndReti  ;[-18]
 377               	sendAckAndReti:
 377:usbdrv/usbdrvasm165.inc ****     ldi     cnt, USBPID_ACK ;[-17]
 379               	sendCntAndReti:
 379:usbdrv/usbdrvasm165.inc ****     mov     r0, cnt         ;[-16]
 380:usbdrv/usbdrvasm165.inc ****     ldi     YL, 0           ;[-15] R0 address is 0
 381:usbdrv/usbdrvasm165.inc ****     ldi     YH, 0           ;[-14]
 382:usbdrv/usbdrvasm165.inc ****     ldi     cnt, 2          ;[-13]
 384               	;   rjmp    usbSendAndReti      fallthrough
 385               	
 386               	;usbSend:
 387               	;pointer to data in 'Y'
 388               	;number of bytes in 'cnt' -- including sync byte [range 2 ... 12]
 389               	;uses: x1...x4, shift, cnt, Y
 390               	;Numbers in brackets are time since first bit of sync pattern is sent
 391               	usbSendAndReti:             ; 12 cycles until SOP
 391:usbdrv/usbdrvasm165.inc ****     in      x2, USBDDR      ;[-12]
 392:usbdrv/usbdrvasm165.inc ****     ori     x2, USBMASK     ;[-11]
 393:usbdrv/usbdrvasm165.inc ****     sbi     USBOUT, USBMINUS;[-10] prepare idle state; D+ and D- must have been 0 (no pullups)
 394:usbdrv/usbdrvasm165.inc ****     in      x1, USBOUT      ;[-8] port mirror for tx loop
 395:usbdrv/usbdrvasm165.inc ****     out     USBDDR, x2      ;[-7] <- acquire bus
 397               	; need not init x2 (bitstuff history) because sync starts with 0
 397:usbdrv/usbdrvasm165.inc ****     ldi     x4, USBMASK     ;[-6] exor mask
 398:usbdrv/usbdrvasm165.inc ****     ldi     shift, 0x80     ;[-5] sync byte is first byte sent
 399:usbdrv/usbdrvasm165.inc ****     ldi     bitStatus, 0xff ;[-4] init bit loop counter, works for up to 12 bytes
 401               	byteloop:
 402               	bitloop:
 402:usbdrv/usbdrvasm165.inc ****     sbrs    shift, 0        ;[8] [-3]
 403:usbdrv/usbdrvasm165.inc ****     eor     x1, x4          ;[9] [-2]
 404:usbdrv/usbdrvasm165.inc ****     out     USBOUT, x1      ;[10] [-1] <-- out
 405:usbdrv/usbdrvasm165.inc ****     ror     shift           ;[0]
 406:usbdrv/usbdrvasm165.inc ****     ror     x2              ;[1]
GAS LISTING /tmp/cck7FrRR.s 			page 28


 408               	didStuffN:
 408:usbdrv/usbdrvasm165.inc ****     cpi     x2, 0xfc        ;[2]
 409:usbdrv/usbdrvasm165.inc ****     brcc    bitstuffN       ;[3]
 410:usbdrv/usbdrvasm165.inc ****     nop                     ;[4]
 411:usbdrv/usbdrvasm165.inc ****     subi    bitStatus, 37   ;[5] 256 / 7 ~=~ 37
 412:usbdrv/usbdrvasm165.inc ****     brcc    bitloop         ;[6] when we leave the loop, bitStatus has almost the initial value
 413:usbdrv/usbdrvasm165.inc ****     sbrs    shift, 0        ;[7]
 414:usbdrv/usbdrvasm165.inc ****     eor     x1, x4          ;[8]
 415:usbdrv/usbdrvasm165.inc ****     ror     shift           ;[9]
 417               	didStuff7:
 417:usbdrv/usbdrvasm165.inc ****     out     USBOUT, x1      ;[10] <-- out
 418:usbdrv/usbdrvasm165.inc ****     ror     x2              ;[0]
 419:usbdrv/usbdrvasm165.inc ****     cpi     x2, 0xfc        ;[1]
 420:usbdrv/usbdrvasm165.inc ****     brcc    bitstuff7       ;[2]
 421:usbdrv/usbdrvasm165.inc ****     ld      shift, y+       ;[3]
 422:usbdrv/usbdrvasm165.inc ****     dec     cnt             ;[5]
 423:usbdrv/usbdrvasm165.inc ****     brne    byteloop        ;[6]
 425               	;make SE0:
 425:usbdrv/usbdrvasm165.inc ****     cbr     x1, USBMASK     ;[7] prepare SE0 [spec says EOP may be 21 to 25 cycles]
 426:usbdrv/usbdrvasm165.inc ****     lds     x2, usbNewDeviceAddr;[8]
 427:usbdrv/usbdrvasm165.inc ****     lsl     x2              ;[10] we compare with left shifted address
 428:usbdrv/usbdrvasm165.inc ****     out     USBOUT, x1      ;[11] <-- out SE0 -- from now 2 bits = 22 cycles until bus idle
 430               	;2006-03-06: moved transfer of new address to usbDeviceAddr from C-Code to asm:
 431               	;set address only after data packet was sent, not after handshake
 431:usbdrv/usbdrvasm165.inc ****     subi    YL, 2           ;[0] Only assign address on data packets, not ACK/NAK in r0
 432:usbdrv/usbdrvasm165.inc ****     sbci    YH, 0           ;[1]
 433:usbdrv/usbdrvasm165.inc ****     breq    skipAddrAssign  ;[2]
 434:usbdrv/usbdrvasm165.inc ****     sts     usbDeviceAddr, x2; if not skipped: SE0 is one cycle longer
 436               	skipAddrAssign:
 437               	;end of usbDeviceAddress transfer
 437:usbdrv/usbdrvasm165.inc ****     ldi     x2, 1<<USB_INTR_PENDING_BIT;[4] int0 occurred during TX -- clear pending flag
 438:usbdrv/usbdrvasm165.inc ****     USB_STORE_PENDING(x2)   ;[5]
 439:usbdrv/usbdrvasm165.inc ****     ori     x1, USBIDLE     ;[6]
 440:usbdrv/usbdrvasm165.inc ****     in      x2, USBDDR      ;[7]
 441:usbdrv/usbdrvasm165.inc ****     cbr     x2, USBMASK     ;[8] set both pins to input
 442:usbdrv/usbdrvasm165.inc ****     mov     x3, x1          ;[9]
 443:usbdrv/usbdrvasm165.inc ****     cbr     x3, USBMASK     ;[10] configure no pullup on both pins
 444:usbdrv/usbdrvasm165.inc ****     ldi     x4, 4           ;[11]
 446               	se0Delay:
 446:usbdrv/usbdrvasm165.inc ****     dec     x4              ;[12] [15] [18] [21]
 447:usbdrv/usbdrvasm165.inc ****     brne    se0Delay        ;[13] [16] [19] [22]
 448:usbdrv/usbdrvasm165.inc ****     out     USBOUT, x1      ;[23] <-- out J (idle) -- end of SE0 (EOP signal)
 449:usbdrv/usbdrvasm165.inc ****     out     USBDDR, x2      ;[24] <-- release bus now
 450:usbdrv/usbdrvasm165.inc ****     out     USBOUT, x3      ;[25] <-- ensure no pull-up resistors are active
 451:usbdrv/usbdrvasm165.inc ****     rjmp    doReturn
 453               	
GAS LISTING /tmp/cck7FrRR.s 			page 29


DEFINED SYMBOLS
usbdrv/usbdrvasm165.inc:39     .text:0000000000000058 __vector_2
  usbdrv/usbdrvasm.S:229    .text:0000000000000000 usbCrc16
  usbdrv/usbdrvasm.S:261    .text:000000000000002a usbCrc16Append
  usbdrv/usbdrvasm.S:251    .text:0000000000000024 usbCrcLoopEntry
  usbdrv/usbdrvasm.S:239    .text:0000000000000012 usbCrcByteLoop
  usbdrv/usbdrvasm.S:242    .text:0000000000000016 usbCrcBitLoop
  usbdrv/usbdrvasm.S:248    .text:0000000000000020 usbCrcNoXor
  usbdrv/usbdrvasm.S:254    .text:0000000000000028 usbCrcReady
  usbdrv/usbdrvasm.S:316    .text:0000000000000032 usbMeasureFrameLength
  usbdrv/usbdrvasm.S:320    .text:0000000000000038 usbMFTime16
  usbdrv/usbdrvasm.S:339    .text:0000000000000056 usbMFTimeout
  usbdrv/usbdrvasm.S:323    .text:000000000000003c usbMFWaitStrobe
  usbdrv/usbdrvasm.S:328    .text:0000000000000044 usbMFWaitIdle
  usbdrv/usbdrvasm.S:333    .text:000000000000004c usbMFWaitLoop
usbdrv/usbdrvasm165.inc:52     .text:000000000000005e waitForJ
usbdrv/usbdrvasm165.inc:56     .text:0000000000000064 waitForK
usbdrv/usbdrvasm165.inc:79     .text:000000000000007e foundK
usbdrv/asmcommon.inc:101    .text:0000000000000228 sofError
usbdrv/usbdrvasm165.inc:104    .text:0000000000000098 haveTwoBitsK
usbdrv/usbdrvasm165.inc:283    .text:000000000000017e rxbit1
usbdrv/usbdrvasm165.inc:140    .text:00000000000000b4 continueWithBit5
usbdrv/usbdrvasm165.inc:184    .text:00000000000000f8 unstuff5
usbdrv/usbdrvasm165.inc:157    .text:00000000000000d4 didUnstuff6
usbdrv/usbdrvasm165.inc:204    .text:0000000000000116 unstuff6
usbdrv/usbdrvasm165.inc:161    .text:00000000000000da didUnstuff5
usbdrv/usbdrvasm165.inc:168    .text:00000000000000e4 didUnstuff7
usbdrv/usbdrvasm165.inc:270    .text:0000000000000168 rxLoop
usbdrv/usbdrvasm165.inc:175    .text:00000000000000ee unstuff7
usbdrv/usbdrvasm165.inc:214    .text:0000000000000120 unstuff0
usbdrv/usbdrvasm165.inc:287    .text:0000000000000184 didUnstuff0
usbdrv/usbdrvasm165.inc:228    .text:0000000000000134 unstuff1
usbdrv/usbdrvasm165.inc:296    .text:0000000000000194 didUnstuff1
usbdrv/usbdrvasm165.inc:239    .text:0000000000000142 unstuff2
usbdrv/usbdrvasm165.inc:308    .text:00000000000001aa didUnstuff2
usbdrv/usbdrvasm165.inc:250    .text:0000000000000150 unstuff3
usbdrv/usbdrvasm165.inc:318    .text:00000000000001bc didUnstuff3
usbdrv/usbdrvasm165.inc:262    .text:0000000000000160 unstuff4
usbdrv/usbdrvasm165.inc:325    .text:00000000000001c8 didUnstuff4
usbdrv/asmcommon.inc:55     .text:00000000000001dc se0
usbdrv/asmcommon.inc:43     .text:00000000000001d4 overflow
usbdrv/asmcommon.inc:46     .text:00000000000001d8 ignorePacket
usbdrv/asmcommon.inc:94     .text:000000000000020e storeTokenAndReturn
usbdrv/asmcommon.inc:105    .text:0000000000000230 handleData
usbdrv/asmcommon.inc:130    .text:000000000000025a handleIn
usbdrv/asmcommon.inc:88     .text:000000000000020e handleSetupOrOut
usbdrv/asmcommon.inc:96     .text:0000000000000212 doReturn
usbdrv/usbdrvasm165.inc:374    .text:000000000000029e sendNakAndReti
usbdrv/usbdrvasm165.inc:377    .text:00000000000002a2 sendAckAndReti
usbdrv/asmcommon.inc:164    .text:000000000000027a handleIn1
usbdrv/usbdrvasm165.inc:379    .text:00000000000002a4 sendCntAndReti
usbdrv/usbdrvasm165.inc:391    .text:00000000000002ac usbSendAndReti
usbdrv/usbdrvasm165.inc:359    .text:000000000000028c bitstuff7
usbdrv/usbdrvasm165.inc:417    .text:00000000000002d6 didStuff7
usbdrv/usbdrvasm165.inc:365    .text:0000000000000294 bitstuffN
usbdrv/usbdrvasm165.inc:408    .text:00000000000002c6 didStuffN
usbdrv/usbdrvasm165.inc:401    .text:00000000000002bc byteloop
GAS LISTING /tmp/cck7FrRR.s 			page 30


usbdrv/usbdrvasm165.inc:402    .text:00000000000002bc bitloop
usbdrv/usbdrvasm165.inc:436    .text:00000000000002f8 skipAddrAssign
usbdrv/usbdrvasm165.inc:446    .text:0000000000000308 se0Delay

UNDEFINED SYMBOLS
usbInputBufOffset
usbRxBuf
usbDeviceAddr
usbCurrentTok
usbRxLen
usbRxToken
usbTxLen
usbTxBuf
usbTxStatus1
usbNewDeviceAddr
